HI-TECH Software PICC-18 Compiler V9.80 ()

Linker command line:

--edf=C:\Program Files (x86)\HI-TECH Software\PICC-18\9.80\dat\en_msgs.txt \
  -cs -h+dist/HTC/production\ClockMatrix_main.production.sym -z -w9 --norlf \
  -Q18F14K50 -Mdist/HTC/production/ClockMatrix_main.production.map -E1 \
  -ver=PICC-18 -ACODE=00h-03FFFh -ACONST=00h-03FFFh \
  -ASMALLCONST=0300h-03FFhx61 -AMEDIUMCONST=0300h-03FFFh -ACOMRAM=01h-05Fh \
  -AABS1=00h-02FFh -ABIGRAM=01h-02FFh -ARAM=060h-0FFh,0100h-01FFhx2 \
  -ABANK0=060h-0FFh -ABANK1=0100h-01FFh -ABANK2=0200h-02FFh \
  -ASFR=0F53h-0F5Fh,0F60h-0FFFh \
  -preset_vec=00h,intcode,intcodelo,powerup,init,end_init -pramtop=0300h \
  -psmallconst=SMALLCONST -pmediumconst=MEDIUMCONST -pconst=CONST \
  -AFARRAM=00h-00h -ACONFIG=0300000h-030000Dh -pconfig=CONFIG \
  -AIDLOC=0200000h-0200007h -pidloc=IDLOC -AEEDATA=0F00000h-0F000FFh \
  -peeprom_data=EEDATA \
  -prdata=COMRAM,nvrram=COMRAM,nvbit=COMRAM,rbss=COMRAM,rbit=COMRAM \
  -pfarbss=FARRAM,fardata=FARRAM \
  -pintsave_regs=BIGRAM,bigbss=BIGRAM,bigdata=BIGRAM -pbss=RAM \
  -pidata=CODE,irdata=CODE,ibigdata=CODE,ifardata=CODE \
  C:\Users\Master\AppData\Local\Temp\ssk.obj \
  dist/HTC/production\ClockMatrix_main.production.obj 

Object code version is 3.10

Machine type is 18F14K50

Call graph: (short form)




                Name          Link     Load   Length Selector   Space       Scale
C:\Users\Master\AppData\Local\Temp\ssk.obj
                end_init       110      110        4       0     0
dist/HTC/production\ClockMatrix_main.production.obj
                intcodelo       10       10      100       0     0
                intcode          0        0       10       0     0
                mediumcon     3DEC     3DEC      214    1EF6     0
                text68           0        0       1A       0     0
                text67          1A       1A       1E       0     0
                text66         2D8      2D8       56     16C     0
                text65         64A      64A       7C     325     0
                text64          38       38       1A       0     0
                intcode_b      FAA      FAA       C2     7D5     0
                text61         496      496       68     24B     0
                text60         A18      A18       A0     50C     0
                text59         EEA      EEA       C0     775     0
                text58        13BC     13BC      11A     9DE     0
                text57        1744     1744      142     BA2     0
                text56          52       52       3E       0     0
                text55         E2C      E2C       BE     716     0
                text54        2BB8     2BB8      256    15DC     0
                text53         6C6      6C6       80     363     0
                text52         746      746       8A     3A3     0
                text51         AB8      AB8       A4     55C     0
                text50         B5C      B5C       AC     5AE     0
                text49         4FE      4FE       6E     27F     0
                text48         8EA      8EA       92     475     0
                text47        160C     160C      138     B06     0
                text46         56C      56C       6E     2B6     0
                text45         CBA      CBA       B6     65D     0
                text44         160      160       40      B0     0
                text43        2774     2774      212    13BA     0
                text42         D70      D70       BC     6B8     0
                text41        2046     2046      1C0    1023     0
                text40         7D0      7D0       8A     3E8     0
                text39        1CF4     1CF4      194     E7A     0
                text38        1B68     1B68      18C     DB4     0
                text37         5DA      5DA       70     2ED     0
                text36        2986     2986      232    14C3     0
                text35        1E88     1E88      1BE     F44     0
                text34        2E0E     2E0E      2E0    1707     0
                text33        23CA     23CA      1CC    11E5     0
                text32          90       90       1A       0     0
                text31          AA       AA       26       0     0
                text30          D0       D0       14       0     0
                text29          E4       E4       1E       0     0
                text28        12D4     12D4       E8     96A     0
                text27         102      102       32       0     0
                text26         1A0      1A0       42      D0     0
                text25        1134     1134       CA     89A     0
                text24        106C     106C       C8     836     0
                text23         134      134       3C       0     0
                text22         32E      32E       56     197     0
                text21        2596     2596      1DE    12CB     0
                text20        30EE     30EE      380    1877     0
                text19         1E2      1E2       4C      F1     0
                text18         170      170       32       0     0
                text17         22E      22E       54     117     0
                text16         384      384       56     1C2     0
                text15         118      118        A      8C     0
                text14         1A2      1A2       18       0     0
                text13        14D6     14D6      136     A6B     0
                text12         85A      85A       90     42D     0
                text11        19E4     19E4      184     CF2     0
                text10         282      282       56     141     0
                text9          1BA      1BA       12       0     0
                text8          122      122       3E      91     0
                text7         1886     1886      15E     C43     0
                text6          C08      C08       B2     604     0
                text5          97C      97C       9C     4BE     0
                text4         2206     2206      1C4    1103     0
                text3         3848     3848      5A4    1C24     0
                text2          3DA      3DA       58     1ED     0
                text1         11FE     11FE       D6     8FF     0
                text0         346E     346E      3DA    1A37     0
                cstackCOM        1        1       27       1     1
                cstackBAN       D3       D3       29      60     1
                cstackBAN      12A      12A        D     100     1
                dataBANK1      100      100       2A     100     1
                dataBANK0       FC       FC        4      60     1
                bssBANK0        60       60       73      60     1
                bssCOMRAM       28       28       20       1     1
                bitbssCOM      240       48        3       1     1    8
                cinit          432      432       64     219     0
                idataBANK      1CC      1CC       2A       0     0
                idataBANK      114      114        4       0     0

TOTAL           Name          Link     Load   Length     Space
        CLASS   CODE           
                end_init       110      110        4     0
                intcodelo       10       10      100     0
                intcode          0        0       10     0
                text68           0        0       1A     0
                text67          1A       1A       1E     0
                text66         2D8      2D8       56     0
                text65         64A      64A       7C     0
                text64          38       38       1A     0
                intcode_b      FAA      FAA       C2     0
                text61         496      496       68     0
                text60         A18      A18       A0     0
                text59         EEA      EEA       C0     0
                text58        13BC     13BC      11A     0
                text57        1744     1744      142     0
                text56          52       52       3E     0
                text55         E2C      E2C       BE     0
                text54        2BB8     2BB8      256     0
                text53         6C6      6C6       80     0
                text52         746      746       8A     0
                text51         AB8      AB8       A4     0
                text50         B5C      B5C       AC     0
                text49         4FE      4FE       6E     0
                text48         8EA      8EA       92     0
                text47        160C     160C      138     0
                text46         56C      56C       6E     0
                text45         CBA      CBA       B6     0
                text44         160      160       40     0
                text43        2774     2774      212     0
                text42         D70      D70       BC     0
                text41        2046     2046      1C0     0
                text40         7D0      7D0       8A     0
                text39        1CF4     1CF4      194     0
                text38        1B68     1B68      18C     0
                text37         5DA      5DA       70     0
                text36        2986     2986      232     0
                text35        1E88     1E88      1BE     0
                text34        2E0E     2E0E      2E0     0
                text33        23CA     23CA      1CC     0
                text32          90       90       1A     0
                text31          AA       AA       26     0
                text30          D0       D0       14     0
                text29          E4       E4       1E     0
                text28        12D4     12D4       E8     0
                text27         102      102       32     0
                text26         1A0      1A0       42     0
                text25        1134     1134       CA     0
                text24        106C     106C       C8     0
                text23         134      134       3C     0
                text22         32E      32E       56     0
                text21        2596     2596      1DE     0
                text20        30EE     30EE      380     0
                text19         1E2      1E2       4C     0
                text18         170      170       32     0
                text17         22E      22E       54     0
                text16         384      384       56     0
                text15         118      118        A     0
                text14         1A2      1A2       18     0
                text13        14D6     14D6      136     0
                text12         85A      85A       90     0
                text11        19E4     19E4      184     0
                text10         282      282       56     0
                text9          1BA      1BA       12     0
                text8          122      122       3E     0
                text7         1886     1886      15E     0
                text6          C08      C08       B2     0
                text5          97C      97C       9C     0
                text4         2206     2206      1C4     0
                text3         3848     3848      5A4     0
                text2          3DA      3DA       58     0
                text1         11FE     11FE       D6     0
                text0         346E     346E      3DA     0
                cinit          432      432       64     0
                idataBANK      1CC      1CC       2A     0
                idataBANK      114      114        4     0

        CLASS   CONST          

        CLASS   SMALLCONST     

        CLASS   MEDIUMCONST    
                mediumcon     3DEC     3DEC      214     0

        CLASS   COMRAM         
                cstackCOM        1        1       27     1
                bssCOMRAM       28       28       20     1
                bitbssCOM      240       48        3     1

        CLASS   ABS1           

        CLASS   BIGRAM         

        CLASS   RAM            

        CLASS   BANK0          
                cstackBAN       D3       D3       29     1
                dataBANK0       FC       FC        4     1
                bssBANK0        60       60       73     1

        CLASS   BANK1          
                cstackBAN      12A      12A        D     1
                dataBANK1      100      100       2A     1

        CLASS   BANK2          

        CLASS   SFR            

        CLASS   FARRAM         

        CLASS   CONFIG         

        CLASS   IDLOC          

        CLASS   EEDATA         



SEGMENTS        Name            Load    Length   Top    Selector   Space  Class

                reset_vec       000000  000118  000118         0       0  CODE    
                cstackCOMRAM    000001  000048  000049         1       1  COMRAM  
                bssBANK0        000060  0000A0  000100        60       1  BANK0   
                dataBANK1       000100  000037  000137       100       1  BANK1   
                text15          000118  00000A  000122        8C       0  CODE    
                text8           000122  00003E  000160        91       0  CODE    
                text44          000160  000040  0001A0        B0       0  CODE    
                text26          0001A0  000042  0001E2        D0       0  CODE    
                text19          0001E2  00004C  00022E        F1       0  CODE    
                text17          00022E  000054  000282       117       0  CODE    
                text10          000282  000056  0002D8       141       0  CODE    
                text66          0002D8  000056  00032E       16C       0  CODE    
                text22          00032E  000056  000384       197       0  CODE    
                text16          000384  000056  0003DA       1C2       0  CODE    
                text2           0003DA  000058  000432       1ED       0  CODE    
                cinit           000432  000064  000496       219       0  CODE    
                text61          000496  000068  0004FE       24B       0  CODE    
                text49          0004FE  00006E  00056C       27F       0  CODE    
                text46          00056C  00006E  0005DA       2B6       0  CODE    
                text37          0005DA  000070  00064A       2ED       0  CODE    
                text65          00064A  00007C  0006C6       325       0  CODE    
                text53          0006C6  000080  000746       363       0  CODE    
                text52          000746  00008A  0007D0       3A3       0  CODE    
                text40          0007D0  00008A  00085A       3E8       0  CODE    
                text12          00085A  000090  0008EA       42D       0  CODE    
                text48          0008EA  000092  00097C       475       0  CODE    
                text5           00097C  00009C  000A18       4BE       0  CODE    
                text60          000A18  0000A0  000AB8       50C       0  CODE    
                text51          000AB8  0000A4  000B5C       55C       0  CODE    
                text50          000B5C  0000AC  000C08       5AE       0  CODE    
                text6           000C08  0000B2  000CBA       604       0  CODE    
                text45          000CBA  0000B6  000D70       65D       0  CODE    
                text42          000D70  0000BC  000E2C       6B8       0  CODE    
                text55          000E2C  0000BE  000EEA       716       0  CODE    
                text59          000EEA  0000C0  000FAA       775       0  CODE    
                intcode_body    000FAA  0000C2  00106C       7D5       0  CODE    
                text24          00106C  0000C8  001134       836       0  CODE    
                text25          001134  0000CA  0011FE       89A       0  CODE    
                text1           0011FE  0000D6  0012D4       8FF       0  CODE    
                text28          0012D4  0000E8  0013BC       96A       0  CODE    
                text58          0013BC  00011A  0014D6       9DE       0  CODE    
                text13          0014D6  000136  00160C       A6B       0  CODE    
                text47          00160C  000138  001744       B06       0  CODE    
                text57          001744  000142  001886       BA2       0  CODE    
                text7           001886  00015E  0019E4       C43       0  CODE    
                text11          0019E4  000184  001B68       CF2       0  CODE    
                text38          001B68  00018C  001CF4       DB4       0  CODE    
                text39          001CF4  000194  001E88       E7A       0  CODE    
                text35          001E88  0001BE  002046       F44       0  CODE    
                text41          002046  0001C0  002206      1023       0  CODE    
                text4           002206  0001C4  0023CA      1103       0  CODE    
                text33          0023CA  0001CC  002596      11E5       0  CODE    
                text21          002596  0001DE  002774      12CB       0  CODE    
                text43          002774  000212  002986      13BA       0  CODE    
                text36          002986  000232  002BB8      14C3       0  CODE    
                text54          002BB8  000256  002E0E      15DC       0  CODE    
                text34          002E0E  0002E0  0030EE      1707       0  CODE    
                text20          0030EE  000380  00346E      1877       0  CODE    
                text0           00346E  0003DA  003848      1A37       0  CODE    
                text3           003848  0005A4  003DEC      1C24       0  CODE    
                mediumconst     003DEC  000214  004000      1EF6       0  MEDIUMCO


UNUSED ADDRESS RANGES

        Name                Unused          Largest block    Delta
        BANK1            0137-01FF             C9
        BANK2            0200-02FF            100
        BIGRAM           0049-005F             17
                         0137-02FF            1C9
        COMRAM           0049-005F             17
        CONFIG           300000-30000D              E
        EEDATA           F00000-F000FF            100
        IDLOC            200000-200007              8
        RAM              0137-02FF             C9
        SFR              0F53-0FFF              D

                                  Symbol Table

__CFG_BBSIZ$OFF                                (abs)        0000
__CFG_BOREN$OFF                                (abs)        0000
__CFG_BORV$30                                  (abs)        0000
__CFG_CP0$OFF                                  (abs)        0000
__CFG_CP1$OFF                                  (abs)        0000
__CFG_CPB$OFF                                  (abs)        0000
__CFG_CPD$OFF                                  (abs)        0000
__CFG_CPUDIV$NOCLKDIV                          (abs)        0000
__CFG_DEBUG$OFF                                (abs)        0000
__CFG_EBTR0$OFF                                (abs)        0000
__CFG_EBTR1$OFF                                (abs)        0000
__CFG_EBTRB$OFF                                (abs)        0000
__CFG_FCMEN$OFF                                (abs)        0000
__CFG_FOSC$HS                                  (abs)        0000
__CFG_HFOFST$OFF                               (abs)        0000
__CFG_IESO$OFF                                 (abs)        0000
__CFG_LVP$OFF                                  (abs)        0000
__CFG_MCLRE$OFF                                (abs)        0000
__CFG_PCLKEN$ON                                (abs)        0000
__CFG_PLLEN$ON                                 (abs)        0000
__CFG_PWRTEN$OFF                               (abs)        0000
__CFG_STVREN$ON                                (abs)        0000
__CFG_USBDIV$OFF                               (abs)        0000
__CFG_WDTEN$OFF                                (abs)        0000
__CFG_WDTPS$32768                              (abs)        0000
__CFG_WRT0$OFF                                 (abs)        0000
__CFG_WRT1$OFF                                 (abs)        0000
__CFG_WRTB$OFF                                 (abs)        0000
__CFG_WRTC$OFF                                 (abs)        0000
__CFG_WRTD$OFF                                 (abs)        0000
__CFG_XINST$OFF                                (abs)        0000
__HRAM                                         (abs)        0000
__Habs1                                        abs1         0000
__Hbank0                                       bank0        0000
__Hbank1                                       bank1        0000
__Hbank2                                       bank2        0000
__Hbigbss                                      bigbss       0000
__Hbigdata                                     bigdata      0000
__Hbigram                                      bigram       0000
__Hbss                                         bss          0000
__Hclrtext                                     clrtext      0000
__Hcomram                                      comram       0000
__Hconfig                                      config       0000
__Hconst                                       const        0000
__Hdata                                        data         0000
__Heeprom_data                                 eeprom_data  0000
__Hfarbss                                      farbss       0000
__Hfardata                                     fardata      0000
__Hibigdata                                    ibigdata     0000
__Hidata                                       idata        0000
__Hidloc                                       idloc        0000
__Hifardata                                    ifardata     0000
__Hintcode_body                                intcode_body 0000
__Hintentry                                    intentry     0000
__Hintret                                      intret       0000
__Hintsave_regs                                intsave_regs 0000
__Hirdata                                      irdata       0000
__Hnvbit                                       nvbit        0000
__Hnvrram                                      nvrram       0000
__Hparam                                       rparam       0000
__Hram                                         ram          0000
__Hrbit                                        rbit         0000
__Hrbss                                        rbss         0000
__Hrdata                                       rdata        0000
__Hreset_vec                                   reset_vec    0000
__Hrparam                                      rparam       0000
__Hsfr                                         sfr          0000
__Hsmallconst                                  smallconst   0000
__Hstruct                                      struct       0000
__Htemp                                        temp         0000
__Htext                                        text         0000
__Htext68                                      text68       0000
__Labs1                                        abs1         0000
__Lbank0                                       bank0        0000
__Lbank1                                       bank1        0000
__Lbank2                                       bank2        0000
__Lbigbss                                      bigbss       0000
__Lbigdata                                     bigdata      0000
__Lbigram                                      bigram       0000
__Lbss                                         bss          0000
__Lclrtext                                     clrtext      0000
__Lcomram                                      comram       0000
__Lconfig                                      config       0000
__Lconst                                       const        0000
__Ldata                                        data         0000
__Leeprom_data                                 eeprom_data  0000
__Lfarbss                                      farbss       0000
__Lfardata                                     fardata      0000
__Libigdata                                    ibigdata     0000
__Lidata                                       idata        0000
__Lidloc                                       idloc        0000
__Lifardata                                    ifardata     0000
__Lintcode                                     intcode      0000
__Lintcode_body                                intcode_body 0000
__Lintentry                                    intentry     0000
__Lintret                                      intret       0000
__Lintsave_regs                                intsave_regs 0000
__Lirdata                                      irdata       0000
__Lnvbit                                       nvbit        0000
__Lnvrram                                      nvrram       0000
__Lparam                                       rparam       0000
__Lram                                         ram          0000
__Lrbit                                        rbit         0000
__Lrbss                                        rbss         0000
__Lrdata                                       rdata        0000
__Lreset_vec                                   reset_vec    0000
__Lrparam                                      rparam       0000
__Lsfr                                         sfr          0000
__Lsmallconst                                  smallconst   0000
__Lstruct                                      struct       0000
__Ltemp                                        temp         0000
__Ltext                                        text         0000
__Ltext68                                      text68       0000
__pintcode                                     intcode      0000
__ptext68                                      text68       0000
__size_of_AckPolling                           (abs)        0000
__size_of_BinaryTime                           (abs)        0000
__size_of_CheckButton                          (abs)        0000
__size_of_Checkerboard                         (abs)        0000
__size_of_ClearDisplay                         (abs)        0000
__size_of_CollumnData                          (abs)        0000
__size_of_DateStringLong                       (abs)        0000
__size_of_DelayFor12TCY                        (abs)        0000
__size_of_DelayI2C                             (abs)        0000
__size_of_DelayMs                              (abs)        0000
__size_of_DelayUs                              (abs)        0000
__size_of_DisplayInit                          (abs)        0000
__size_of_DisplayPlot                          (abs)        0000
__size_of_DisplayScrollText                    (abs)        0000
__size_of_DisplayString                        (abs)        0000
__size_of_ExternalHardware                     (abs)        0000
__size_of_InitI2C                              (abs)        0000
__size_of_InitPeripherals                      (abs)        0000
__size_of_InitTimersAndInterrupts              (abs)        0000
__size_of_InputNumber                          (abs)        0000
__size_of_InputString                          (abs)        0000
__size_of_InputTime                            (abs)        0000
__size_of_InputTimerDigit                      (abs)        0000
__size_of_LM75GetTemp                          (abs)        0000
__size_of_LM75Init                             (abs)        0000
__size_of_NumberToString                       (abs)        0000
__size_of_RTCGetDateTime                       (abs)        0000
__size_of_RTCGetTimer                          (abs)        0000
__size_of_RTCInit                              (abs)        0000
__size_of_RTCSaveTimer                         (abs)        0000
__size_of_RTCSetTime                           (abs)        0000
__size_of_ReadButtonState                      (abs)        0000
__size_of_RecieveI2C                           (abs)        0000
__size_of_RowData                              (abs)        0000
__size_of_RtcNumberToString                    (abs)        0000
__size_of_SetTimer                             (abs)        0000
__size_of_ShiftOutNextRow                      (abs)        0000
__size_of_StartI2C                             (abs)        0000
__size_of_StopI2C                              (abs)        0000
__size_of_TransmitI2C                          (abs)        0000
__size_of___awdiv                              (abs)        0000
__size_of___awmod                              (abs)        0000
__size_of___lwdiv                              (abs)        0000
__size_of___lwmod                              (abs)        0000
__size_of___wmul                               (abs)        0000
__size_of_bcd_to_dec                           (abs)        0000
__size_of_blinker                              (abs)        0000
__size_of_block                                (abs)        0000
__size_of_calculate_next_game_board            (abs)        0000
__size_of_clear_board_location                 (abs)        0000
__size_of_copy_buffer                          (abs)        0000
__size_of_dec_to_bcd                           (abs)        0000
__size_of_game_loop                            (abs)        0000
__size_of_get_board_value                      (abs)        0000
__size_of_get_neighbors                        (abs)        0000
__size_of_glider                               (abs)        0000
__size_of_high_isr                             (abs)        0000
__size_of_init_game                            (abs)        0000
__size_of_low_isr                              (abs)        0000
__size_of_main                                 (abs)        0000
__size_of_memset                               (abs)        0000
__size_of_num_ones                             (abs)        0000
__size_of_random_board                         (abs)        0000
__size_of_set_board_location                   (abs)        0000
__size_of_strcat                               (abs)        0000
__size_of_strlen                               (abs)        0000
__size_of_swap_buffers                         (abs)        0000
__size_ofi2_DelayFor12TCY                      (abs)        0000
__size_ofi2_DelayUs                            (abs)        0000
__smallconst                                   smallconst   0000
_high_isr                                      intcode      0000
i2_DelayFor12TCY                               text68       0000
intlevel0                                      text         0000
intlevel1                                      text         0000
intlevel2                                      text         0000
intlevel3                                      text         0000
??_low_isr                                     cstackCOMRAM 0001
?_BinaryTime                                   cstackCOMRAM 0001
?_CheckButton                                  cstackCOMRAM 0001
?_Checkerboard                                 cstackCOMRAM 0001
?_ClearDisplay                                 cstackCOMRAM 0001
?_CollumnData                                  cstackCOMRAM 0001
?_DelayFor12TCY                                cstackCOMRAM 0001
?_DisplayInit                                  cstackCOMRAM 0001
?_DisplayScrollText                            cstackCOMRAM 0001
?_DisplayString                                cstackCOMRAM 0001
?_ExternalHardware                             cstackCOMRAM 0001
?_InitI2C                                      cstackCOMRAM 0001
?_InitPeripherals                              cstackCOMRAM 0001
?_InitTimersAndInterrupts                      cstackCOMRAM 0001
?_InputTime                                    cstackCOMRAM 0001
?_LM75GetTemp                                  cstackCOMRAM 0001
?_LM75Init                                     cstackCOMRAM 0001
?_RTCGetDateTime                               cstackCOMRAM 0001
?_RTCGetTimer                                  cstackCOMRAM 0001
?_RTCInit                                      cstackCOMRAM 0001
?_RTCSaveTimer                                 cstackCOMRAM 0001
?_RTCSetTime                                   cstackCOMRAM 0001
?_ReadButtonState                              cstackCOMRAM 0001
?_RowData                                      cstackCOMRAM 0001
?_SetTimer                                     cstackCOMRAM 0001
?_ShiftOutNextRow                              cstackCOMRAM 0001
?_StartI2C                                     cstackCOMRAM 0001
?_StopI2C                                      cstackCOMRAM 0001
?_blinker                                      cstackCOMRAM 0001
?_block                                        cstackCOMRAM 0001
?_calculate_next_game_board                    cstackCOMRAM 0001
?_copy_buffer                                  cstackCOMRAM 0001
?_game_loop                                    cstackCOMRAM 0001
?_glider                                       cstackCOMRAM 0001
?_high_isr                                     cstackCOMRAM 0001
?_init_game                                    cstackCOMRAM 0001
?_low_isr                                      cstackCOMRAM 0001
?_main                                         cstackCOMRAM 0001
?_random_board                                 cstackCOMRAM 0001
?_swap_buffers                                 cstackCOMRAM 0001
?i2_DelayFor12TCY                              cstackCOMRAM 0001
__LRAM                                         (abs)        0001
__pcstackCOMRAM                                cstackCOMRAM 0001
__activetblptr                                 (abs)        0002
__Hintcode                                     intcode      0010
__Lintcodelo                                   intcodelo    0010
__pintcodelo                                   intcodelo    0010
_low_isr                                       intcodelo    0010
??i2_DelayFor12TCY                             cstackCOMRAM 0012
?i2_DelayUs                                    cstackCOMRAM 0012
i2DelayUs@us                                   cstackCOMRAM 0012
??_CollumnData                                 cstackCOMRAM 0014
??_RowData                                     cstackCOMRAM 0014
??i2_DelayUs                                   cstackCOMRAM 0014
RowData@y                                      cstackCOMRAM 0016
CollumnData@x                                  cstackCOMRAM 0018
??_ShiftOutNextRow                             cstackCOMRAM 0019
??_high_isr                                    cstackCOMRAM 0019
__Htext67                                      text67       001A
__Ltext67                                      text67       001A
__end_ofi2_DelayFor12TCY                       text68       001A
__ptext67                                      text67       001A
i2_DelayUs                                     text67       001A
Checkerboard@frame                             bssCOMRAM    0028
__pbssCOMRAM                                   bssCOMRAM    0028
_cycle_count                                   bssCOMRAM    002A
_pattern_index                                 bssCOMRAM    002B
_dateTime                                      bssCOMRAM    002C
_ShiftOutNextRow                               text64       0038
__Htext64                                      text64       0038
__Htext65                                      text65       0038
__Htext66                                      text66       0038
__Ltext64                                      text64       0038
__Ltext65                                      text65       0038
__Ltext66                                      text66       0038
__end_ofi2_DelayUs                             text67       0038
__ptext64                                      text64       0038
_timer                                         bssCOMRAM    0040
__Htext56                                      text56       0052
__Htext57                                      text57       0052
__Htext58                                      text58       0052
__Htext59                                      text59       0052
__Htext60                                      text60       0052
__Htext61                                      text61       0052
__Ltext56                                      text56       0052
__Ltext57                                      text57       0052
__Ltext58                                      text58       0052
__Ltext59                                      text59       0052
__Ltext60                                      text60       0052
__Ltext61                                      text61       0052
__end_of_ShiftOutNextRow                       text64       0052
__ptext56                                      text56       0052
_num_ones                                      text56       0052
__accesstop                                    (abs)        0060
__pbssBANK0                                    bssBANK0     0060
_display                                       bssBANK0     0060
_milliseconds                                  bssBANK0     0070
_buttonState                                   bssBANK0     0074
_buttonInt_flag                                bssBANK0     0077
_prevState                                     bssBANK0     0078
_scrollDelay                                   bssBANK0     0079
_displayString                                 bssBANK0     007A
_DelayFor12TCY                                 text32       0090
__Htext32                                      text32       0090
__Htext33                                      text33       0090
__Htext34                                      text34       0090
__Htext35                                      text35       0090
__Htext36                                      text36       0090
__Htext37                                      text37       0090
__Htext38                                      text38       0090
__Htext39                                      text39       0090
__Htext40                                      text40       0090
__Htext41                                      text41       0090
__Htext42                                      text42       0090
__Htext43                                      text43       0090
__Htext44                                      text44       0090
__Htext45                                      text45       0090
__Htext46                                      text46       0090
__Htext47                                      text47       0090
__Htext48                                      text48       0090
__Htext49                                      text49       0090
__Htext50                                      text50       0090
__Htext51                                      text51       0090
__Htext52                                      text52       0090
__Htext53                                      text53       0090
__Htext54                                      text54       0090
__Htext55                                      text55       0090
__Ltext32                                      text32       0090
__Ltext33                                      text33       0090
__Ltext34                                      text34       0090
__Ltext35                                      text35       0090
__Ltext36                                      text36       0090
__Ltext37                                      text37       0090
__Ltext38                                      text38       0090
__Ltext39                                      text39       0090
__Ltext40                                      text40       0090
__Ltext41                                      text41       0090
__Ltext42                                      text42       0090
__Ltext43                                      text43       0090
__Ltext44                                      text44       0090
__Ltext45                                      text45       0090
__Ltext46                                      text46       0090
__Ltext47                                      text47       0090
__Ltext48                                      text48       0090
__Ltext49                                      text49       0090
__Ltext50                                      text50       0090
__Ltext51                                      text51       0090
__Ltext52                                      text52       0090
__Ltext53                                      text53       0090
__Ltext54                                      text54       0090
__Ltext55                                      text55       0090
__end_of_num_ones                              text56       0090
__ptext32                                      text32       0090
_DelayUs                                       text31       00AA
__Htext31                                      text31       00AA
__Ltext31                                      text31       00AA
__end_of_DelayFor12TCY                         text32       00AA
__ptext31                                      text31       00AA
_game_board                                    bssBANK0     00BA
_temperature                                   bssBANK0     00C9
_DelayI2C                                      text30       00D0
__Htext30                                      text30       00D0
__Ltext30                                      text30       00D0
__end_of_DelayUs                               text31       00D0
__ptext30                                      text30       00D0
??_ClearDisplay                                cstackBANK0  00D3
??_DelayFor12TCY                               cstackBANK0  00D3
??_DisplayString                               cstackBANK0  00D3
??_InitI2C                                     cstackBANK0  00D3
??_InitPeripherals                             cstackBANK0  00D3
??_InitTimersAndInterrupts                     cstackBANK0  00D3
??_ReadButtonState                             cstackBANK0  00D3
??_swap_buffers                                cstackBANK0  00D3
?_DelayMs                                      cstackBANK0  00D3
?_DelayUs                                      cstackBANK0  00D3
?_DisplayPlot                                  cstackBANK0  00D3
?___awdiv                                      cstackBANK0  00D3
?___awmod                                      cstackBANK0  00D3
?___wmul                                       cstackBANK0  00D3
?_bcd_to_dec                                   cstackBANK0  00D3
?_memset                                       cstackBANK0  00D3
?_num_ones                                     cstackBANK0  00D3
?_strcat                                       cstackBANK0  00D3
?_strlen                                       cstackBANK0  00D3
DelayMs@ms                                     cstackBANK0  00D3
DelayUs@us                                     cstackBANK0  00D3
DisplayPlot@x                                  cstackBANK0  00D3
___awdiv@dividend                              cstackBANK0  00D3
___awmod@dividend                              cstackBANK0  00D3
___wmul@multiplier                             cstackBANK0  00D3
__pcstackBANK0                                 cstackBANK0  00D3
bcd_to_dec@bcd                                 cstackBANK0  00D3
memset@p1                                      cstackBANK0  00D3
num_ones@v                                     cstackBANK0  00D3
strcat@to                                      cstackBANK0  00D3
strlen@s                                       cstackBANK0  00D3
??_bcd_to_dec                                  cstackBANK0  00D4
??_num_ones                                    cstackBANK0  00D4
ClearDisplay@i                                 cstackBANK0  00D4
DisplayPlot@y                                  cstackBANK0  00D4
swap_buffers@col                               cstackBANK0  00D4
??_CheckButton                                 cstackBANK0  00D5
??_DelayMs                                     cstackBANK0  00D5
??_DelayUs                                     cstackBANK0  00D5
??_DisplayInit                                 cstackBANK0  00D5
??_strlen                                      cstackBANK0  00D5
?_DelayI2C                                     cstackBANK0  00D5
DelayI2C@delay                                 cstackBANK0  00D5
DisplayPlot@state                              cstackBANK0  00D5
DisplayString@string_index                     cstackBANK0  00D5
___awdiv@divisor                               cstackBANK0  00D5
___awmod@divisor                               cstackBANK0  00D5
___wmul@multiplicand                           cstackBANK0  00D5
memset@c                                       cstackBANK0  00D5
num_ones@c                                     cstackBANK0  00D5
strcat@from                                    cstackBANK0  00D5
??_DelayI2C                                    cstackBANK0  00D6
??_DisplayPlot                                 cstackBANK0  00D6
??_StartI2C                                    cstackBANK0  00D6
??_StopI2C                                     cstackBANK0  00D6
?_RecieveI2C                                   cstackBANK0  00D6
?_TransmitI2C                                  cstackBANK0  00D6
DisplayString@char_width                       cstackBANK0  00D6
RecieveI2C@ack                                 cstackBANK0  00D6
TransmitI2C@byte                               cstackBANK0  00D6
??_RecieveI2C                                  cstackBANK0  00D7
??_TransmitI2C                                 cstackBANK0  00D7
??___awdiv                                     cstackBANK0  00D7
??___awmod                                     cstackBANK0  00D7
??___wmul                                      cstackBANK0  00D7
??_strcat                                      cstackBANK0  00D7
DisplayString@char_index                       cstackBANK0  00D7
___wmul@product                                cstackBANK0  00D7
memset@n                                       cstackBANK0  00D7
strlen@cp                                      cstackBANK0  00D7
RecieveI2C@byte                                cstackBANK0  00D8
TransmitI2C@ack                                cstackBANK0  00D8
___awdiv@counter                               cstackBANK0  00D8
___awmod@counter                               cstackBANK0  00D8
??_Checkerboard                                cstackBANK0  00D9
??_memset                                      cstackBANK0  00D9
?___lwdiv                                      cstackBANK0  00D9
DisplayString@currentChar                      cstackBANK0  00D9
RecieveI2C@bitNo                               cstackBANK0  00D9
TransmitI2C@bitNo                              cstackBANK0  00D9
___awdiv@sign                                  cstackBANK0  00D9
___awmod@sign                                  cstackBANK0  00D9
___lwdiv@dividend                              cstackBANK0  00D9
memset@p                                       cstackBANK0  00D9
strcat@cp                                      cstackBANK0  00D9
??_RTCSaveTimer                                cstackBANK0  00DA
?_AckPolling                                   cstackBANK0  00DA
AckPolling@device                              cstackBANK0  00DA
Checkerboard@i                                 cstackBANK0  00DA
___awdiv@quotient                              cstackBANK0  00DA
??_AckPolling                                  cstackBANK0  00DB
??_LM75Init                                    cstackBANK0  00DB
Checkerboard@j                                 cstackBANK0  00DB
DisplayString@x                                cstackBANK0  00DB
___lwdiv@divisor                               cstackBANK0  00DB
??_BinaryTime                                  cstackBANK0  00DC
?_DateStringLong                               cstackBANK0  00DC
?_RtcNumberToString                            cstackBANK0  00DC
?_clear_board_location                         cstackBANK0  00DC
?_dec_to_bcd                                   cstackBANK0  00DC
?_get_board_value                              cstackBANK0  00DC
?_set_board_location                           cstackBANK0  00DC
RtcNumberToString@number1                      cstackBANK0  00DC
clear_board_location@row                       cstackBANK0  00DC
dec_to_bcd@dec                                 cstackBANK0  00DC
get_board_value@row                            cstackBANK0  00DC
set_board_location@row                         cstackBANK0  00DC
??___lwdiv                                     cstackBANK0  00DD
??_dec_to_bcd                                  cstackBANK0  00DD
RtcNumberToString@number2                      cstackBANK0  00DD
clear_board_location@col                       cstackBANK0  00DD
get_board_value@col                            cstackBANK0  00DD
set_board_location@col                         cstackBANK0  00DD
??_DateStringLong                              cstackBANK0  00DE
??_clear_board_location                        cstackBANK0  00DE
??_get_board_value                             cstackBANK0  00DE
??_set_board_location                          cstackBANK0  00DE
RtcNumberToString@string                       cstackBANK0  00DE
___lwdiv@counter                               cstackBANK0  00DE
??_RTCSetTime                                  cstackBANK0  00DF
DateStringLong@tstring                         cstackBANK0  00DF
___lwdiv@quotient                              cstackBANK0  00DF
??_RTCGetDateTime                              cstackBANK0  00E0
??_RTCGetTimer                                 cstackBANK0  00E0
??_RtcNumberToString                           cstackBANK0  00E0
??_blinker                                     cstackBANK0  00E0
??_block                                       cstackBANK0  00E0
??_glider                                      cstackBANK0  00E0
RTCSetTime@i2cBuffer                           cstackBANK0  00E0
??_random_board                                cstackBANK0  00E1
?___lwmod                                      cstackBANK0  00E1
DelayMs@time                                   cstackBANK0  00E1
RTCGetDateTime@i2cBuffer                       cstackBANK0  00E1
___lwmod@dividend                              cstackBANK0  00E1
??_RTCInit                                     cstackBANK0  00E2
??_init_game                                   cstackBANK0  00E2
??_ExternalHardware                            cstackBANK0  00E3
??_copy_buffer                                 cstackBANK0  00E3
?_get_neighbors                                cstackBANK0  00E3
___lwmod@divisor                               cstackBANK0  00E3
get_neighbors@row                              cstackBANK0  00E3
random_board@row                               cstackBANK0  00E3
_StopI2C                                       text29       00E4
__Htext29                                      text29       00E4
__Ltext29                                      text29       00E4
__end_of_DelayI2C                              text30       00E4
__ptext29                                      text29       00E4
copy_buffer@row                                cstackBANK0  00E4
get_neighbors@col                              cstackBANK0  00E4
random_board@col                               cstackBANK0  00E4
??_DisplayScrollText                           cstackBANK0  00E5
??___lwmod                                     cstackBANK0  00E5
??_get_neighbors                               cstackBANK0  00E5
?_InputTimerDigit                              cstackBANK0  00E5
InputTimerDigit@num_ptr                        cstackBANK0  00E5
copy_buffer@col                                cstackBANK0  00E5
___lwmod@counter                               cstackBANK0  00E6
get_neighbors@return_value                     cstackBANK0  00E6
?_NumberToString                               cstackBANK0  00E7
DisplayScrollText@length                       cstackBANK0  00E7
InputTimerDigit@min                            cstackBANK0  00E7
NumberToString@number                          cstackBANK0  00E7
get_neighbors@neighbor_value                   cstackBANK0  00E7
DisplayScrollText@string_index                 cstackBANK0  00E8
InputTimerDigit@max                            cstackBANK0  00E8
get_neighbors@rr                               cstackBANK0  00E8
??_InputTimerDigit                             cstackBANK0  00E9
DisplayScrollText@char_width                   cstackBANK0  00E9
NumberToString@strPtr                          cstackBANK0  00E9
get_neighbors@cc                               cstackBANK0  00E9
DisplayScrollText@char_index                   cstackBANK0  00EA
get_neighbors@r                                cstackBANK0  00EA
??_NumberToString                              cstackBANK0  00EB
InputTimerDigit@done                           cstackBANK0  00EB
get_neighbors@c                                cstackBANK0  00EB
??_calculate_next_game_board                   cstackBANK0  00EC
DisplayScrollText@currentChar                  cstackBANK0  00EC
InputTimerDigit@currentNumber                  cstackBANK0  00EC
NumberToString@i                               cstackBANK0  00EC
??_LM75GetTemp                                 cstackBANK0  00ED
InputTimerDigit@result                         cstackBANK0  00ED
calculate_next_game_board@alive_count          cstackBANK0  00ED
??_SetTimer                                    cstackBANK0  00EE
DisplayScrollText@i                            cstackBANK0  00EE
calculate_next_game_board@neighbors            cstackBANK0  00EE
?_InputNumber                                  cstackBANK0  00EF
?_InputString                                  cstackBANK0  00EF
DateStringLong@number2                         cstackBANK0  00EF
InputNumber@istring                            cstackBANK0  00EF
InputString@istring                            cstackBANK0  00EF
calculate_next_game_board@cell_is_alive        cstackBANK0  00EF
DateStringLong@length                          cstackBANK0  00F0
calculate_next_game_board@num_living_neighbors cstackBANK0  00F0
InputNumber@min                                cstackBANK0  00F1
InputString@min                                cstackBANK0  00F1
calculate_next_game_board@row                  cstackBANK0  00F1
DateStringLong@number1                         cstackBANK0  00F2
InputNumber@max                                cstackBANK0  00F2
InputString@max                                cstackBANK0  00F2
LM75GetTemp@tempHi                             cstackBANK0  00F2
calculate_next_game_board@col                  cstackBANK0  00F2
??_InputNumber                                 cstackBANK0  00F3
??_game_loop                                   cstackBANK0  00F3
InputString@stringArray                        cstackBANK0  00F3
InputNumber@numberString                       cstackBANK0  00F4
LM75GetTemp@tempLo                             cstackBANK0  00F4
??_InputString                                 cstackBANK0  00F5
InputString@currentNumber                      cstackBANK0  00F6
InputString@done                               cstackBANK0  00F7
InputString@result                             cstackBANK0  00F8
InputNumber@done                               cstackBANK0  00F9
InputNumber@currentNumber                      cstackBANK0  00FA
InputNumber@result                             cstackBANK0  00FB
__pdataBANK0                                   dataBANK0    00FC
_frameDelay                                    dataBANK0    00FC
_boundary_condition                            dataBANK0    00FE
_currentState                                  dataBANK0    00FF
__pdataBANK1                                   dataBANK1    0100
_month_str                                     dataBANK1    0100
_StartI2C                                      text27       0102
__Htext27                                      text27       0102
__Htext28                                      text28       0102
__Ltext27                                      text27       0102
__Ltext28                                      text28       0102
__end_of_StopI2C                               text29       0102
__ptext27                                      text27       0102
__Hinit                                        init         0110
__Hintcodelo                                   intcodelo    0110
__Hpowerup                                     powerup      0110
__Lend_init                                    end_init     0110
__Linit                                        init         0110
__Lpowerup                                     powerup      0110
__end_of_low_isr                               intcodelo    0110
start                                          init         0110
__Hend_init                                    end_init     0114
__pidataBANK0                                  idataBANK0   0114
_InitI2C                                       text15       0118
__ptext15                                      text15       0118
_dow_str                                       dataBANK1    011A
_InitPeripherals                               text8        0122
__end_of_InitI2C                               text15       0122
__ptext8                                       text8        0122
??_InputTime                                   cstackBANK1  012A
__pcstackBANK1                                 cstackBANK1  012A
InputTime@daysInMonth                          cstackBANK1  012C
??_main                                        cstackBANK1  012D
__Htext23                                      text23       0134
__Htext24                                      text24       0134
__Htext25                                      text25       0134
__Htext26                                      text26       0134
__Ltext23                                      text23       0134
__Ltext24                                      text24       0134
__Ltext25                                      text25       0134
__Ltext26                                      text26       0134
__end_of_StartI2C                              text27       0134
__ptext23                                      text23       0134
_init_game                                     text23       0134
_main$2048                                     cstackBANK1  0135
__S1                                           (abs)        0137
__end_of_InitPeripherals                       text8        0160
__ptext44                                      text44       0160
_memset                                        text44       0160
_DisplayInit                                   text18       0170
__Htext18                                      text18       0170
__Htext19                                      text19       0170
__Htext20                                      text20       0170
__Htext21                                      text21       0170
__Htext22                                      text22       0170
__Ltext18                                      text18       0170
__Ltext19                                      text19       0170
__Ltext20                                      text20       0170
__Ltext21                                      text21       0170
__Ltext22                                      text22       0170
__end_of_init_game                             text23       0170
__ptext18                                      text18       0170
_RTCSaveTimer                                  text26       01A0
__end_of_memset                                text44       01A0
__ptext26                                      text26       01A0
__Htext14                                      text14       01A2
__Htext15                                      text15       01A2
__Htext16                                      text16       01A2
__Htext17                                      text17       01A2
__Ltext14                                      text14       01A2
__Ltext15                                      text15       01A2
__Ltext16                                      text16       01A2
__Ltext17                                      text17       01A2
__end_of_DisplayInit                           text18       01A2
__ptext14                                      text14       01A2
_bcd_to_dec                                    text14       01A2
_ExternalHardware                              text9        01BA
__Htext10                                      text10       01BA
__Htext11                                      text11       01BA
__Htext12                                      text12       01BA
__Htext13                                      text13       01BA
__Htext9                                       text9        01BA
__Ltext10                                      text10       01BA
__Ltext11                                      text11       01BA
__Ltext12                                      text12       01BA
__Ltext13                                      text13       01BA
__Ltext9                                       text9        01BA
__end_of_bcd_to_dec                            text14       01BA
__ptext9                                       text9        01BA
__BbitbssCOMRAM                                bitbssCOMRAM 01CC
__HbssBANK0                                    bssBANK0     01CC
__HbssCOMRAM                                   bssCOMRAM    01CC
__Hcinit                                       cinit        01CC
__HcstackBANK0                                 cstackBANK0  01CC
__HcstackBANK1                                 cstackBANK1  01CC
__HcstackCOMRAM                                cstackCOMRAM 01CC
__HdataBANK0                                   dataBANK0    01CC
__HdataBANK1                                   dataBANK1    01CC
__HidataBANK1                                  idataBANK1   01CC
__Htext0                                       text0        01CC
__Htext1                                       text1        01CC
__Htext2                                       text2        01CC
__Htext3                                       text3        01CC
__Htext4                                       text4        01CC
__Htext5                                       text5        01CC
__Htext6                                       text6        01CC
__Htext7                                       text7        01CC
__Htext8                                       text8        01CC
__LbssBANK0                                    bssBANK0     01CC
__LbssCOMRAM                                   bssCOMRAM    01CC
__Lcinit                                       cinit        01CC
__LcstackBANK0                                 cstackBANK0  01CC
__LcstackBANK1                                 cstackBANK1  01CC
__LcstackCOMRAM                                cstackCOMRAM 01CC
__LdataBANK0                                   dataBANK0    01CC
__LdataBANK1                                   dataBANK1    01CC
__LidataBANK1                                  idataBANK1   01CC
__Ltext0                                       text0        01CC
__Ltext1                                       text1        01CC
__Ltext2                                       text2        01CC
__Ltext3                                       text3        01CC
__Ltext4                                       text4        01CC
__Ltext5                                       text5        01CC
__Ltext6                                       text6        01CC
__Ltext7                                       text7        01CC
__Ltext8                                       text8        01CC
__end_of_ExternalHardware                      text9        01CC
__pidataBANK1                                  idataBANK1   01CC
_InitTimersAndInterrupts                       text19       01E2
__end_of_RTCSaveTimer                          text26       01E2
__ptext19                                      text19       01E2
__HidataBANK0                                  idataBANK0   01F6
__LidataBANK0                                  idataBANK0   01F6
_AckPolling                                    text17       022E
__end_of_InitTimersAndInterrupts               text19       022E
__ptext17                                      text17       022E
__pbitbssCOMRAM                                bitbssCOMRAM 0240
_scrollInt_flag                                bitbssCOMRAM 0240
_timedate_flag                                 bitbssCOMRAM 0241
_tscale_flag                                   bitbssCOMRAM 0242
_RTCInit                                       text10       0282
__end_of_AckPolling                            text17       0282
__ptext10                                      text10       0282
_RowData                                       text66       02D8
__end_of_RTCInit                               text10       02D8
__ptext66                                      text66       02D8
__Hramtop                                      ramtop       0300
__Lramtop                                      ramtop       0300
__ramtop                                       ramtop       0300
_ClearDisplay                                  text22       032E
__end_of_RowData                               text66       032E
__ptext22                                      text22       032E
_LM75Init                                      text16       0384
__end_of_ClearDisplay                          text22       0384
__ptext16                                      text16       0384
__end_of_LM75Init                              text16       03DA
__ptext2                                       text2        03DA
_dec_to_bcd                                    text2        03DA
__end_of_dec_to_bcd                            text2        0432
__pcinit                                       cinit        0432
start_initialization                           cinit        0432
end_of_initialization                          cinit        048C
___wmul                                        text61       0496
__ptext61                                      text61       0496
__end_of___wmul                                text61       04FE
__ptext49                                      text49       04FE
_blinker                                       text49       04FE
__end_of_blinker                               text49       056C
__ptext46                                      text46       056C
_swap_buffers                                  text46       056C
__end_of_swap_buffers                          text46       05DA
__ptext37                                      text37       05DA
_strlen                                        text37       05DA
_CollumnData                                   text65       064A
__end_of_strlen                                text37       064A
__ptext65                                      text65       064A
__end_of_CollumnData                           text65       06C6
__ptext53                                      text53       06C6
_set_board_location                            text53       06C6
__end_of_set_board_location                    text53       0746
__ptext52                                      text52       0746
_clear_board_location                          text52       0746
__end_of_clear_board_location                  text52       07D0
__ptext40                                      text40       07D0
_strcat                                        text40       07D0
_RTCGetTimer                                   text12       085A
__end_of_strcat                                text40       085A
__ptext12                                      text12       085A
__end_of_RTCGetTimer                           text12       08EA
__ptext48                                      text48       08EA
_block                                         text48       08EA
_Checkerboard                                  text5        097C
__end_of_block                                 text48       097C
__ptext5                                       text5        097C
___lwmod                                       text60       0A18
__end_of_Checkerboard                          text5        0A18
__ptext60                                      text60       0A18
__end_of___lwmod                               text60       0AB8
__ptext51                                      text51       0AB8
_copy_buffer                                   text51       0AB8
__end_of_copy_buffer                           text51       0B5C
__ptext50                                      text50       0B5C
_random_board                                  text50       0B5C
_DisplayPlot                                   text6        0C08
__end_of_random_board                          text50       0C08
__ptext6                                       text6        0C08
__end_of_DisplayPlot                           text6        0CBA
__ptext45                                      text45       0CBA
_glider                                        text45       0CBA
_DelayMs                                       text42       0D70
__end_of_glider                                text45       0D70
__ptext42                                      text42       0D70
__end_of_DelayMs                               text42       0E2C
__ptext55                                      text55       0E2C
_get_board_value                               text55       0E2C
__HbitbssCOMRAM                                bitbssCOMRAM 0E60
__LbitbssCOMRAM                                bitbssCOMRAM 0E60
___lwdiv                                       text59       0EEA
__end_of_get_board_value                       text55       0EEA
__ptext59                                      text59       0EEA
_UCFG                                          (abs)        0F61
_ANSEL                                         (abs)        0F7E
_ANSELH                                        (abs)        0F7F
_PORTBbits                                     (abs)        0F81
_PORTCbits                                     (abs)        0F82
_LATA                                          (abs)        0F89
_LATB                                          (abs)        0F8A
_LATC                                          (abs)        0F8B
_TRISA                                         (abs)        0F92
_TRISB                                         (abs)        0F93
_TRISC                                         (abs)        0F94
_PIE2bits                                      (abs)        0FA0
_PIR2bits                                      (abs)        0FA1
_IPR2bits                                      (abs)        0FA2
__end_of___lwdiv                               text59       0FAA
__pintcode_body                                intcode_body 0FAA
int_func                                       intcode_body 0FAA
_T3CON                                         (abs)        0FB1
_TMR3                                          (abs)        0FB2
_TMR3L                                         (abs)        0FB2
_TMR3H                                         (abs)        0FB3
_CCP1CON                                       (abs)        0FBD
_T1CON                                         (abs)        0FCD
_TMR1                                          (abs)        0FCE
_TMR1L                                         (abs)        0FCE
_TMR1H                                         (abs)        0FCF
_RCONbits                                      (abs)        0FD0
_T0CON                                         (abs)        0FD5
_TMR0                                          (abs)        0FD6
_TMR0L                                         (abs)        0FD6
_INTCON2bits                                   (abs)        0FF1
_INTCONbits                                    (abs)        0FF2
__end_of_high_isr                              intcode_body 106C
__ptext24                                      text24       106C
_game_loop                                     text24       106C
_SetTimer                                      text25       1134
__end_of_game_loop                             text24       1134
__ptext25                                      text25       1134
_RTCSetTime                                    text1        11FE
__end_of_SetTimer                              text25       11FE
__ptext1                                       text1        11FE
_TransmitI2C                                   text28       12D4
__end_of_RTCSetTime                            text1        12D4
__ptext28                                      text28       12D4
___awmod                                       text58       13BC
__end_of_TransmitI2C                           text28       13BC
__ptext58                                      text58       13BC
_RecieveI2C                                    text13       14D6
__end_of___awmod                               text58       14D6
__ptext13                                      text13       14D6
__end_of_RecieveI2C                            text13       160C
__ptext47                                      text47       160C
_calculate_next_game_board                     text47       160C
___awdiv                                       text57       1744
__end_of_calculate_next_game_board             text47       1744
__ptext57                                      text57       1744
_BinaryTime                                    text7        1886
__end_of___awdiv                               text57       1886
__ptext7                                       text7        1886
_RTCGetDateTime                                text11       19E4
__end_of_BinaryTime                            text7        19E4
__ptext11                                      text11       19E4
_InputTimerDigit                               text38       1B68
__end_of_RTCGetDateTime                        text11       1B68
__ptext38                                      text38       1B68
_RtcNumberToString                             text39       1CF4
__end_of_InputTimerDigit                       text38       1CF4
__ptext39                                      text39       1CF4
_InputString                                   text35       1E88
__end_of_RtcNumberToString                     text39       1E88
__ptext35                                      text35       1E88
_DisplayString                                 text41       2046
__end_of_InputString                           text35       2046
__ptext41                                      text41       2046
_LM75GetTemp                                   text4        2206
__end_of_DisplayString                         text41       2206
__ptext4                                       text4        2206
_InputNumber                                   text33       23CA
__end_of_LM75GetTemp                           text4        23CA
__ptext33                                      text33       23CA
_CheckButton                                   text21       2596
__end_of_InputNumber                           text33       2596
__ptext21                                      text21       2596
_ReadButtonState                               text43       2774
__end_of_CheckButton                           text21       2774
__ptext43                                      text43       2774
_DisplayScrollText                             text36       2986
__end_of_ReadButtonState                       text43       2986
__ptext36                                      text36       2986
__end_of_DisplayScrollText                     text36       2BB8
__ptext54                                      text54       2BB8
_get_neighbors                                 text54       2BB8
_NumberToString                                text34       2E0E
__end_of_get_neighbors                         text54       2E0E
__ptext34                                      text34       2E0E
_InputTime                                     text20       30EE
__end_of_NumberToString                        text34       30EE
__ptext20                                      text20       30EE
__end_of_InputTime                             text20       346E
__ptext0                                       text0        346E
_main                                          text0        346E
_DateStringLong                                text3        3848
__end_of_main                                  text0        3848
__ptext3                                       text3        3848
__Lmediumconst                                 mediumconst  3DEC
__end_of_DateStringLong                        text3        3DEC
__mediumconst                                  mediumconst  3DEC
__pmediumconst                                 mediumconst  3DEC
_font3_1                                       mediumconst  3DEC
_binFont                                       mediumconst  3EEC
_leadIn                                        mediumconst  3EF6
__Hmediumconst                                 mediumconst  4000
__S0                                           (abs)        4000
_USBEN                                         (abs)        7B23
_SRLEN                                         (abs)        7B47
_C2ON                                          (abs)        7B5F
_C1ON                                          (abs)        7B6F
_LATB4                                         (abs)        7C54
_LATB6                                         (abs)        7C56
_LATC3                                         (abs)        7C5B
_LATC4                                         (abs)        7C5C
_LATC5                                         (abs)        7C5D
_TRISB4                                        (abs)        7C9C
_TRISB6                                        (abs)        7C9E
_TRISC0                                        (abs)        7CA0
_TRISC1                                        (abs)        7CA1
_TRISC2                                        (abs)        7CA2
_TRISC3                                        (abs)        7CA3
_TRISC4                                        (abs)        7CA4
_TRISC5                                        (abs)        7CA5
_TMR3IE                                        (abs)        7D01
_TMR3IF                                        (abs)        7D09
_SPEN                                          (abs)        7D5F
_FVR1EN                                        (abs)        7DD7
_D1EN                                          (abs)        7DDF
_ADON                                          (abs)        7E10
_SSPEN                                         (abs)        7E35
_INT1IF                                        (abs)        7F80
_INT2IF                                        (abs)        7F81
_INT1IE                                        (abs)        7F83
_INT2IE                                        (abs)        7F84
_INT1IP                                        (abs)        7F86
_INT2IP                                        (abs)        7F87
_INTEDG2                                       (abs)        7F8C
_INTEDG1                                       (abs)        7F8D
_INTEDG0                                       (abs)        7F8E
_INT0IF                                        (abs)        7F91
_TMR0IF                                        (abs)        7F92
_INT0IE                                        (abs)        7F94
_TMR0IE                                        (abs)        7F95
