Microchip MPLAB XC8 Compiler V1.33 ()

Linker command line:

--edf=C:\Program Files (x86)\Microchip\xc8\v1.33\dat\en_msgs.txt -cs \
  -h+dist/xc8/production\ClockMatrix_main.production.sym \
  --cmf=dist/xc8/production\ClockMatrix_main.production.cmf -z -Q18F14K50 \
  -oC:\Users\master\AppData\Local\Temp\s7ck.6 \
  -Mdist/xc8/production/ClockMatrix_main.production.map -E1 -ver=XC8 \
  -ASTACK=0C6h-02ffh -pstack=STACK -ACODE=00h-03FFFh -ACONST=00h-03FFFh \
  -ASMALLCONST=0300h-03FFhx61 -AMEDIUMCONST=0300h-03FFFh -ACOMRAM=01h-05Fh \
  -AABS1=00h-02FFh -ABIGRAM=01h-02FFh -ARAM=060h-0FFh,0100h-01FFhx2 \
  -ABANK0=060h-0FFh -ABANK1=0100h-01FFh -ABANK2=0200h-02FFh \
  -ASFR=0F53h-0F5Fh,0F60h-0FFFh \
  -preset_vec=00h,intcode=08h,intcodelo=018h,powerup,init,end_init \
  -pramtop=0300h -psmallconst=SMALLCONST -pmediumconst=MEDIUMCONST \
  -pconst=CONST -AFARRAM=00h-00h -ACONFIG=0300000h-030000Dh -pconfig=CONFIG \
  -AIDLOC=0200000h-0200007h -pidloc=IDLOC -AEEDATA=0F00000h-0F000FFh \
  -peeprom_data=EEDATA \
  -prdata=COMRAM,nvrram=COMRAM,nvbit=COMRAM,rbss=COMRAM,rbit=COMRAM \
  -pfarbss=FARRAM,fardata=FARRAM,nvFARRAM=FARRAM \
  -pintsave_regs=BIGRAM,bigbss=BIGRAM,bigdata=BIGRAM -pbss=RAM \
  -pidata=CODE,irdata=CODE,ibigdata=CODE,ifardata=CODE \
  C:\Users\master\AppData\Local\Temp\s7ck.obj \
  dist/xc8/production\ClockMatrix_main.production.obj 

Object code version is 3.11

Machine type is 18F14K50

Call graph: (short form)




                Name                               Link     Load   Length Selector   Space Scale
C:\Users\master\AppData\Local\Temp\s7ck.obj
                end_init                             6A       6A        4        C       0
                reset_vec                             0        0        4        0       0
                config                           300000   300000        E   300000       0
dist/xc8/production\ClockMatrix_main.production.obj
                eeprom_data                      F00000   F00000        8   F00000       0
                intcodelo                            18       18       52        C       0
                intcode                               8        8        C        4       0
                mediumconst                        3DEC     3DEC      214     1EF6       0
                text73                             1C34     1C34       1A        C       0
                text72                             1CC2     1CC2       16        C       0
                text71                             1846     1846       48        C       0
                text70                             190C     190C       3C        C       0
                text69                             1C7E     1C7E       18        C       0
                intcode_body                       1B2E     1B2E       26        C       0
                text67                              A12      A12       D2        C       0
                text65                             1C66     1C66       18        C       0
                text64                             1C1A     1C1A       1A        C       0
                text63                             1CAC     1CAC       16        C       0
                text62                             1D46     1D46        C        C       0
                text61                             1498     1498       64        C       0
                text60                             1D00     1D00       14        C       0
                text59                             1D36     1D36       10        C       0
                text58                             1622     1622       54        C       0
                text57                             1C96     1C96       16        C       0
                text56                              E5A      E5A       9E        C       0
                text55                             1A5A     1A5A       34        C       0
                text54                             1B08     1B08       26        C       0
                text53                              932      932       E0        C       0
                text52                             1CEC     1CEC       14        C       0
                text51                             1D52     1D52        A        C       0
                text50                             1A8E     1A8E       2E        C       0
                text49                             1026     1026       8E        C       0
                text48                             17FC     17FC       4A        C       0
                text47                             1AE2     1AE2       26        C       0
                text46                              DBC      DBC       9E        C       0
                text45                             1B9C     1B9C       24        C       0
                text44                             1C4E     1C4E       18        C       0
                text43                             1D26     1D26       10        C       0
                text42                             16C6     16C6       50        C       0
                text41                              75C      75C       F2        C       0
                text40                             18CE     18CE       3E        C       0
                text39                              54C      54C      112        C       0
                text38                              65E      65E       FE        C       0
                text37                              C76      C76       A6        C       0
                text36                              F92      F92       94        C       0
                text35                             1B78     1B78       24        C       0
                text34                             188E     188E       40        C       0
                text33                              2D2      2D2      13E        C       0
                text32                             13B4     13B4       78        C       0
                text31                              410      410      13C        C       0
                text30                             1BE0     1BE0       20        C       0
                text29                             113C     113C       86        C       0
                text28                              84E      84E       E4        C       0
                text27                             1676     1676       50        C       0
                text26                             1A26     1A26       34        C       0
                text25                             1948     1948       3A        C       0
                text24                             1D14     1D14       12        C       0
                text23                             19BA     19BA       38        C       0
                text22                               6E       6E      264        C       0
                text21                              D1C      D1C       A0        C       0
                text20                              AE4      AE4       CA        C       0
                text19                             15C0     15C0       62        C       0
                text18                             133C     133C       78        C       0
                text17                              EF8      EF8       9A        C       0
                text16                             19F2     19F2       34        C       0
                text15                             17B2     17B2       4A        C       0
                text14                             1B54     1B54       24        C       0
                text13                             1982     1982       38        C       0
                text12                             1764     1764       4E        C       0
                text11                             142C     142C       6C        C       0
                text10                              BAE      BAE       C8        C       0
                text9                              1CD8     1CD8       14        C       0
                text8                              11C2     11C2       80        C       0
                text7                              155E     155E       62        C       0
                text6                              12C0     12C0       7C        C       0
                text5                              1ABC     1ABC       26        C       0
                text4                              1BC0     1BC0       20        C       0
                text3                              1C00     1C00       1A        C       0
                text2                              14FC     14FC       62        C       0
                text1                              1242     1242       7E        C       0
                text0                              10B4     10B4       88        C       0
                cstackCOMRAM                          1        1       33        1       1
                cstackBANK0                          B0       B0       15       60       1
                dataBANK0                            C5       C5        1       60       1
                bssBANK0                             60       60       50       60       1
                dataCOMRAM                           49       49        2        1       1
                bssCOMRAM                            34       34       14        1       1
                bitbssCOMRAM                        240       48        3        1       1     8
                cinit                              1716     1716       4E        C       0
                idataBANK0                         1D5E     1D5E        1        C       0
                idataCOMRAM                        1D5C     1D5C        2        C       0

TOTAL           Name                               Link     Load   Length     Space
        CLASS   STACK          

        CLASS   CODE           
                end_init                             6A       6A        4         0
                intcodelo                            18       18       52         0
                intcode                               8        8        C         0
                reset_vec                             0        0        4         0
                text73                             1C34     1C34       1A         0
                text72                             1CC2     1CC2       16         0
                text71                             1846     1846       48         0
                text70                             190C     190C       3C         0
                text69                             1C7E     1C7E       18         0
                intcode_body                       1B2E     1B2E       26         0
                text67                              A12      A12       D2         0
                text65                             1C66     1C66       18         0
                text64                             1C1A     1C1A       1A         0
                text63                             1CAC     1CAC       16         0
                text62                             1D46     1D46        C         0
                text61                             1498     1498       64         0
                text60                             1D00     1D00       14         0
                text59                             1D36     1D36       10         0
                text58                             1622     1622       54         0
                text57                             1C96     1C96       16         0
                text56                              E5A      E5A       9E         0
                text55                             1A5A     1A5A       34         0
                text54                             1B08     1B08       26         0
                text53                              932      932       E0         0
                text52                             1CEC     1CEC       14         0
                text51                             1D52     1D52        A         0
                text50                             1A8E     1A8E       2E         0
                text49                             1026     1026       8E         0
                text48                             17FC     17FC       4A         0
                text47                             1AE2     1AE2       26         0
                text46                              DBC      DBC       9E         0
                text45                             1B9C     1B9C       24         0
                text44                             1C4E     1C4E       18         0
                text43                             1D26     1D26       10         0
                text42                             16C6     16C6       50         0
                text41                              75C      75C       F2         0
                text40                             18CE     18CE       3E         0
                text39                              54C      54C      112         0
                text38                              65E      65E       FE         0
                text37                              C76      C76       A6         0
                text36                              F92      F92       94         0
                text35                             1B78     1B78       24         0
                text34                             188E     188E       40         0
                text33                              2D2      2D2      13E         0
                text32                             13B4     13B4       78         0
                text31                              410      410      13C         0
                text30                             1BE0     1BE0       20         0
                text29                             113C     113C       86         0
                text28                              84E      84E       E4         0
                text27                             1676     1676       50         0
                text26                             1A26     1A26       34         0
                text25                             1948     1948       3A         0
                text24                             1D14     1D14       12         0
                text23                             19BA     19BA       38         0
                text22                               6E       6E      264         0
                text21                              D1C      D1C       A0         0
                text20                              AE4      AE4       CA         0
                text19                             15C0     15C0       62         0
                text18                             133C     133C       78         0
                text17                              EF8      EF8       9A         0
                text16                             19F2     19F2       34         0
                text15                             17B2     17B2       4A         0
                text14                             1B54     1B54       24         0
                text13                             1982     1982       38         0
                text12                             1764     1764       4E         0
                text11                             142C     142C       6C         0
                text10                              BAE      BAE       C8         0
                text9                              1CD8     1CD8       14         0
                text8                              11C2     11C2       80         0
                text7                              155E     155E       62         0
                text6                              12C0     12C0       7C         0
                text5                              1ABC     1ABC       26         0
                text4                              1BC0     1BC0       20         0
                text3                              1C00     1C00       1A         0
                text2                              14FC     14FC       62         0
                text1                              1242     1242       7E         0
                text0                              10B4     10B4       88         0
                cinit                              1716     1716       4E         0
                idataBANK0                         1D5E     1D5E        1         0
                idataCOMRAM                        1D5C     1D5C        2         0

        CLASS   CONST          

        CLASS   SMALLCONST     

        CLASS   MEDIUMCONST    
                mediumconst                        3DEC     3DEC      214         0

        CLASS   COMRAM         
                cstackCOMRAM                          1        1       33         1
                dataCOMRAM                           49       49        2         1
                bssCOMRAM                            34       34       14         1
                bitbssCOMRAM                        240       48        3         1

        CLASS   ABS1           

        CLASS   BIGRAM         

        CLASS   RAM            

        CLASS   BANK0          
                cstackBANK0                          B0       B0       15         1
                dataBANK0                            C5       C5        1         1
                bssBANK0                             60       60       50         1

        CLASS   BANK1          

        CLASS   BANK2          

        CLASS   SFR            

        CLASS   FARRAM         

        CLASS   CONFIG         
                config                           300000   300000        E         0

        CLASS   IDLOC          

        CLASS   EEDATA         
                eeprom_data                      F00000   F00000        8         0



SEGMENTS        Name                           Load    Length   Top    Selector   Space  Class

                reset_vec                      000000  000004  000004         0       0  CODE    
                cstackCOMRAM                   000001  00004A  00004B         1       1  COMRAM  
                intcode                        000008  00000C  000014         4       0  CODE    
                intcodelo                      000018  001D47  001D5F         C       0  CODE    
                bssBANK0                       000060  000066  0000C6        60       1  BANK0   
                mediumconst                    003DEC  000214  004000      1EF6       0  MEDIUMCO
                config                         300000  00000E  30000E    300000       0  CONFIG  
                eeprom_data                    F00000  000008  F00008    F00000       0  EEDATA  


UNUSED ADDRESS RANGES

        Name                Unused          Largest block    Delta
        BANK0            0000C6-0000FF               3A
        BANK1            000100-0001FF              100
        BANK2            000200-0002FF              100
        BIGRAM           00004B-00005F               15
                         0000C6-0002FF              23A
        CODE             000004-000007                4
                         000014-000017                4
                         001D5F-003DEB             208D
        COMRAM           00004B-00005F               15
        CONST            000004-000007                4
                         000014-000017                4
                         001D5F-003DEB             208D
        EEDATA           F00008-F000FF               F8
        IDLOC            200000-200007                8
        MEDIUMCONST      001D5F-003DEB             208D
        RAM              0000C6-0002FF              100
        SFR              000F53-000FFF                D
        SMALLCONST       001D5F-003DEB              100
        STACK            0000C6-0002FF              23A

                                  Symbol Table

?___awdiv                                      cstackCOMRAM 000016
?___awmod                                      cstackCOMRAM 000016
?___llmod                                      cstackCOMRAM 000016
?___lwdiv                                      cstackCOMRAM 00001C
?___lwmod                                      cstackCOMRAM 000023
?___wmul                                       cstackCOMRAM 000016
?_strlen                                       cstackCOMRAM 000016
AckPolling@device                              cstackCOMRAM 00001C
BinaryTime@prevHr                              bssBANK0     000065
BinaryTime@prevMin                             bssBANK0     000066
BinaryTime@prevSec                             bssBANK0     000067
ButtonCheck@i                                  cstackCOMRAM 000007
ClearButtons@i                                 cstackCOMRAM 000016
ClearDisplay@i                                 cstackCOMRAM 000016
CollumnData@x                                  cstackCOMRAM 000012
DateStringLong@length                          cstackBANK0  0000C1
DateStringLong@number1                         cstackBANK0  0000C3
DateStringLong@number2                         cstackBANK0  0000C0
DateStringLong@tstring                         cstackBANK0  0000B0
DelayI2C@delay                                 cstackCOMRAM 000018
DelayMs@ms                                     cstackCOMRAM 000016
DelayMs@time                                   cstackCOMRAM 000020
DelayUs@us                                     cstackCOMRAM 000016
DisplayText@char_index                         cstackCOMRAM 000020
DisplayText@char_width                         cstackCOMRAM 00001F
DisplayText@currentChar                        cstackCOMRAM 000022
DisplayText@gString                            cstackCOMRAM 000018
DisplayText@string_index                       cstackCOMRAM 00001E
DisplayText@x                                  cstackCOMRAM 000024
DisplayText@xStart                             cstackCOMRAM 00001D
DisplayText@yStart                             cstackCOMRAM 000017
HandleButtons@holdTimer                        bssBANK0     000063
InputNumber@currentNumber                      cstackBANK0  0000B6
InputNumber@done                               cstackBANK0  0000B5
InputNumber@istring                            cstackCOMRAM 00002C
InputNumber@max                                cstackCOMRAM 00002F
InputNumber@min                                cstackCOMRAM 00002E
InputNumber@numberString                       cstackBANK0  0000B0
InputNumber@result                             cstackBANK0  0000B7
InputString@currentNumber                      cstackCOMRAM 00002B
InputString@done                               cstackCOMRAM 00002C
InputString@istring                            cstackCOMRAM 000025
InputString@max                                cstackCOMRAM 000028
InputString@min                                cstackCOMRAM 000027
InputString@result                             cstackCOMRAM 00002D
InputString@stringArray                        cstackCOMRAM 000029
InputTime@daysInMonth                          cstackBANK0  0000B8
LM75GetTemp@tempHi                             cstackCOMRAM 000028
LM75GetTemp@tempLo                             cstackCOMRAM 00002A
NumberToString@i                               cstackCOMRAM 00002B
NumberToString@number                          cstackCOMRAM 000028
NumberToString@strPtr                          cstackCOMRAM 00002A
PL10                                           text49       0010AA
PL12                                           text22       0002BE
PL14                                           text21       000DAA
PL16                                           text39       000654
PL18                                           text28       00092A
PL2                                            text53       0009FC
PL4                                            text67       000AC6
PL6                                            text67       000AD4
PL8                                            text22       0002A8
RTCGetDateTime@i2cBuffer                       cstackCOMRAM 00001C
RTCSetTime@i2cBuffer                           cstackCOMRAM 00001C
Read_Eep@badd                                  cstackCOMRAM 000016
RecieveI2C@ack                                 cstackCOMRAM 000019
RecieveI2C@bitNo                               cstackCOMRAM 00001B
RecieveI2C@byte                                cstackCOMRAM 00001A
RowData@y                                      cstackCOMRAM 000013
RtcNumberToString@number1                      cstackCOMRAM 00001C
RtcNumberToString@number2                      cstackCOMRAM 00001A
RtcNumberToString@string                       cstackCOMRAM 00001B
ScrollText@char_index                          cstackCOMRAM 00002E
ScrollText@char_width                          cstackCOMRAM 00002D
ScrollText@currentChar                         cstackCOMRAM 000030
ScrollText@gString                             cstackCOMRAM 000024
ScrollText@i                                   cstackCOMRAM 000032
ScrollText@length                              cstackCOMRAM 00002B
ScrollText@string_index                        cstackCOMRAM 00002C
ScrollTime@state                               cstackBANK0  0000C4
SecondsTime@prevSeconds                        bssBANK0     000068
TemperatureDisplay@prevTemp                    bssBANK0     000069
TimeNumerical@prevSeconds                      bssBANK0     00006A
TransmitI2C@ack                                cstackCOMRAM 00001A
TransmitI2C@bitNo                              cstackCOMRAM 00001B
TransmitI2C@byte                               cstackCOMRAM 000019
Write_Eep@GIE_BIT_VAL                          cstackCOMRAM 000019
Write_Eep@badd                                 cstackCOMRAM 000016
Write_Eep@bdat                                 cstackCOMRAM 000018
_ADCON0                                        (abs)        000FC2
_ADCON1                                        (abs)        000FC1
_ADCON2                                        (abs)        000FC0
_ADON                                          (abs)        007E10
_ADRESH                                        (abs)        000FC4
_ADRESL                                        (abs)        000FC3
_ANS8                                          (abs)        007BF8
_ANSEL                                         (abs)        000F7E
_ANSELH                                        (abs)        000F7F
_AckPolling                                    text50       001A8E
_BinaryTime                                    text53       000932
_ButtonCheck                                   text67       000A12
_C1ON                                          (abs)        007B6F
_C2ON                                          (abs)        007B5F
_CCP1CON                                       (abs)        000FBD
_ClearButtons                                  text35       001B78
_ClearDisplay                                  text65       001C66
_CollumnData                                   text71       001846
_D1EN                                          (abs)        007DDF
_DateStringLong                                text22       00006E
_DelayFor12TCY                                 text64       001C1A
_DelayI2C                                      text62       001D46
_DelayMs                                       text42       0016C6
_DelayUs                                       text63       001CAC
_DisplayInit                                   text52       001CEC
_DisplayText                                   text41       00075C
_EEADR                                         (abs)        000FA9
_EECON1bits                                    (abs)        000FA6
_EECON2                                        (abs)        000FA7
_EEDATA                                        (abs)        000FA8
_ExternalHardware                              text43       001D26
_FVR1EN                                        (abs)        007DD7
_GODONE                                        (abs)        007E11
_HandleButtons                                 text28       00084E
_INTCON2bits                                   (abs)        000FF1
_INTCONbits                                    (abs)        000FF2
_IPR2bits                                      (abs)        000FA2
_InitHardwareVars                              text27       001676
_InitI2C                                       text51       001D52
_InitPeripherals                               text26       001A26
_InitTimersAndInterrupts                       text25       001948
_InputNumber                                   text37       000C76
_InputString                                   text36       000F92
_InputTime                                     text31       000410
_LATA                                          (abs)        000F89
_LATB                                          (abs)        000F8A
_LATB4                                         (abs)        007C54
_LATB6                                         (abs)        007C56
_LATC                                          (abs)        000F8B
_LATC3                                         (abs)        007C5B
_LATC4                                         (abs)        007C5C
_LATC5                                         (abs)        007C5D
_LM75GetTemp                                   text46       000DBC
_LM75Init                                      text45       001B9C
_NumberToString                                text39       00054C
_PIE2bits                                      (abs)        000FA0
_PIR2bits                                      (abs)        000FA1
_PORTBbits                                     (abs)        000F81
_PORTC                                         (abs)        000F82
_PORTCbits                                     (abs)        000F82
_RCONbits                                      (abs)        000FD0
_RTCGetDateTime                                text56       000E5A
_RTCInit                                       text44       001C4E
_RTCSetTime                                    text29       00113C
_ReadButtonState                               text38       00065E
_Read_Eep                                      text24       001D14
_RecieveI2C                                    text61       001498
_RowData                                       text70       00190C
_RtcNumberToString                             text21       000D1C
_SPEN                                          (abs)        007D5F
_SRLEN                                         (abs)        007B47
_SSPEN                                         (abs)        007E35
_ScrollText                                    text33       0002D2
_ScrollTime                                    text20       000AE4
_SecondsTime                                   text19       0015C0
_ShiftOutNextRow                               text69       001C7E
_StartI2C                                      text60       001D00
_StopI2C                                       text59       001D36
_T0CON                                         (abs)        000FD5
_T1CON                                         (abs)        000FCD
_T3CON                                         (abs)        000FB1
_TMR0IE                                        (abs)        007F95
_TMR0IF                                        (abs)        007F92
_TMR0L                                         (abs)        000FD6
_TMR1                                          (abs)        000FCE
_TMR1H                                         (abs)        000FCF
_TMR1L                                         (abs)        000FCE
_TMR3H                                         (abs)        000FB3
_TMR3IE                                        (abs)        007D01
_TMR3IF                                        (abs)        007D09
_TMR3L                                         (abs)        000FB2
_TRISA                                         (abs)        000F92
_TRISB                                         (abs)        000F93
_TRISB4                                        (abs)        007C9C
_TRISB6                                        (abs)        007C9E
_TRISC                                         (abs)        000F94
_TRISC0                                        (abs)        007CA0
_TRISC1                                        (abs)        007CA1
_TRISC2                                        (abs)        007CA2
_TRISC3                                        (abs)        007CA3
_TRISC4                                        (abs)        007CA4
_TRISC5                                        (abs)        007CA5
_TRISC6                                        (abs)        007CA6
_TemperatureDisplay                            text18       00133C
_TimeNumerical                                 text17       000EF8
_TransmitI2C                                   text58       001622
_UCFG                                          (abs)        000F61
_USBEN                                         (abs)        007B23
_Write_Eep                                     text16       0019F2
__CFG_BBSIZ$OFF                                (abs)        000000
__CFG_BOREN$OFF                                (abs)        000000
__CFG_BORV$30                                  (abs)        000000
__CFG_CP0$OFF                                  (abs)        000000
__CFG_CP1$OFF                                  (abs)        000000
__CFG_CPB$OFF                                  (abs)        000000
__CFG_CPD$OFF                                  (abs)        000000
__CFG_CPUDIV$NOCLKDIV                          (abs)        000000
__CFG_EBTR0$OFF                                (abs)        000000
__CFG_EBTR1$OFF                                (abs)        000000
__CFG_EBTRB$OFF                                (abs)        000000
__CFG_FCMEN$OFF                                (abs)        000000
__CFG_FOSC$HS                                  (abs)        000000
__CFG_HFOFST$OFF                               (abs)        000000
__CFG_IESO$OFF                                 (abs)        000000
__CFG_LVP$OFF                                  (abs)        000000
__CFG_MCLRE$OFF                                (abs)        000000
__CFG_PCLKEN$ON                                (abs)        000000
__CFG_PLLEN$ON                                 (abs)        000000
__CFG_PWRTEN$OFF                               (abs)        000000
__CFG_STVREN$ON                                (abs)        000000
__CFG_USBDIV$OFF                               (abs)        000000
__CFG_WDTEN$OFF                                (abs)        000000
__CFG_WDTPS$32768                              (abs)        000000
__CFG_WRT0$OFF                                 (abs)        000000
__CFG_WRT1$OFF                                 (abs)        000000
__CFG_WRTB$OFF                                 (abs)        000000
__CFG_WRTC$OFF                                 (abs)        000000
__CFG_WRTD$OFF                                 (abs)        000000
__CFG_XINST$OFF                                (abs)        000000
__HRAM                                         (abs)        000000
__Habs1                                        abs1         000000
__Hbank0                                       bank0        000000
__Hbank1                                       bank1        000000
__Hbank2                                       bank2        000000
__Hbigbss                                      bigbss       000000
__Hbigdata                                     bigdata      000000
__Hbigram                                      bigram       000000
__HbitbssCOMRAM                                bitbssCOMRAM 000000
__Hbss                                         bss          000000
__HbssBANK0                                    bssBANK0     000000
__HbssCOMRAM                                   bssCOMRAM    000000
__Hcinit                                       cinit        000000
__Hclrtext                                     clrtext      000000
__Hcomram                                      comram       000000
__Hconfig                                      config       30000E
__Hconst                                       const        000000
__HcstackBANK0                                 cstackBANK0  000000
__HcstackCOMRAM                                cstackCOMRAM 000000
__Hdata                                        data         000000
__HdataBANK0                                   dataBANK0    000000
__HdataCOMRAM                                  dataCOMRAM   000000
__Heeprom_data                                 eeprom_data  F00008
__Hend_init                                    end_init     00006E
__Hfarbss                                      farbss       000000
__Hfardata                                     fardata      000000
__Hibigdata                                    ibigdata     000000
__Hidata                                       idata        000000
__HidataBANK0                                  idataBANK0   000000
__HidataCOMRAM                                 idataCOMRAM  000000
__Hidloc                                       idloc        000000
__Hifardata                                    ifardata     000000
__Hinit                                        init         00006A
__Hintcode                                     intcode      000014
__Hintcode_body                                intcode_body 000000
__Hintcodelo                                   intcodelo    00006A
__Hintentry                                    intentry     000000
__Hintret                                      intret       000000
__Hintsave_regs                                intsave_regs 000000
__Hirdata                                      irdata       000000
__Hmediumconst                                 mediumconst  004000
__HnvFARRAM                                    nvFARRAM     000000
__Hnvbit                                       nvbit        000000
__Hnvrram                                      nvrram       000000
__Hpa_nodes                                    pa_nodes     000000
__Hparam                                       rparam       000000
__Hpowerup                                     powerup      00006A
__Hram                                         ram          000000
__Hramtop                                      ramtop       000300
__Hrbit                                        rbit         000000
__Hrbss                                        rbss         000000
__Hrdata                                       rdata        000000
__Hreset_vec                                   reset_vec    000004
__Hrparam                                      rparam       000000
__Hsfr                                         sfr          000000
__Hsmallconst                                  smallconst   000000
__Hspace_0                                     (abs)        F00008
__Hspace_1                                     (abs)        000243
__Hspace_2                                     (abs)        000000
__Hstack                                       stack        000000
__Hstruct                                      struct       000000
__Htemp                                        temp         000000
__Htext                                        text         000000
__Htext0                                       text0        000000
__Htext1                                       text1        000000
__Htext10                                      text10       000000
__Htext11                                      text11       000000
__Htext12                                      text12       000000
__Htext13                                      text13       000000
__Htext14                                      text14       000000
__Htext15                                      text15       000000
__Htext16                                      text16       000000
__Htext17                                      text17       000000
__Htext18                                      text18       000000
__Htext19                                      text19       000000
__Htext2                                       text2        000000
__Htext20                                      text20       000000
__Htext21                                      text21       000000
__Htext22                                      text22       000000
__Htext23                                      text23       000000
__Htext24                                      text24       000000
__Htext25                                      text25       000000
__Htext26                                      text26       000000
__Htext27                                      text27       000000
__Htext28                                      text28       000000
__Htext29                                      text29       000000
__Htext3                                       text3        000000
__Htext30                                      text30       000000
__Htext31                                      text31       000000
__Htext32                                      text32       000000
__Htext33                                      text33       000000
__Htext34                                      text34       000000
__Htext35                                      text35       000000
__Htext36                                      text36       000000
__Htext37                                      text37       000000
__Htext38                                      text38       000000
__Htext39                                      text39       000000
__Htext4                                       text4        000000
__Htext40                                      text40       000000
__Htext41                                      text41       000000
__Htext42                                      text42       000000
__Htext43                                      text43       000000
__Htext44                                      text44       000000
__Htext45                                      text45       000000
__Htext46                                      text46       000000
__Htext47                                      text47       000000
__Htext48                                      text48       000000
__Htext49                                      text49       000000
__Htext5                                       text5        000000
__Htext50                                      text50       000000
__Htext51                                      text51       000000
__Htext52                                      text52       000000
__Htext53                                      text53       000000
__Htext54                                      text54       000000
__Htext55                                      text55       000000
__Htext56                                      text56       000000
__Htext57                                      text57       000000
__Htext58                                      text58       000000
__Htext59                                      text59       000000
__Htext6                                       text6        000000
__Htext60                                      text60       000000
__Htext61                                      text61       000000
__Htext62                                      text62       000000
__Htext63                                      text63       000000
__Htext64                                      text64       000000
__Htext65                                      text65       000000
__Htext67                                      text67       000000
__Htext69                                      text69       000000
__Htext7                                       text7        000000
__Htext70                                      text70       000000
__Htext71                                      text71       000000
__Htext72                                      text72       000000
__Htext73                                      text73       000000
__Htext8                                       text8        000000
__Htext9                                       text9        000000
__LRAM                                         (abs)        000001
__Labs1                                        abs1         000000
__Lbank0                                       bank0        000000
__Lbank1                                       bank1        000000
__Lbank2                                       bank2        000000
__Lbigbss                                      bigbss       000000
__Lbigdata                                     bigdata      000000
__Lbigram                                      bigram       000000
__LbitbssCOMRAM                                bitbssCOMRAM 000000
__Lbss                                         bss          000000
__LbssBANK0                                    bssBANK0     000000
__LbssCOMRAM                                   bssCOMRAM    000000
__Lcinit                                       cinit        000000
__Lclrtext                                     clrtext      000000
__Lcomram                                      comram       000000
__Lconfig                                      config       300000
__Lconst                                       const        000000
__LcstackBANK0                                 cstackBANK0  000000
__LcstackCOMRAM                                cstackCOMRAM 000000
__Ldata                                        data         000000
__LdataBANK0                                   dataBANK0    000000
__LdataCOMRAM                                  dataCOMRAM   000000
__Leeprom_data                                 eeprom_data  F00000
__Lend_init                                    end_init     00006A
__Lfarbss                                      farbss       000000
__Lfardata                                     fardata      000000
__Libigdata                                    ibigdata     000000
__Lidata                                       idata        000000
__LidataBANK0                                  idataBANK0   000000
__LidataCOMRAM                                 idataCOMRAM  000000
__Lidloc                                       idloc        000000
__Lifardata                                    ifardata     000000
__Linit                                        init         00006A
__Lintcode                                     intcode      000008
__Lintcode_body                                intcode_body 000000
__Lintcodelo                                   intcodelo    000018
__Lintentry                                    intentry     000000
__Lintret                                      intret       000000
__Lintsave_regs                                intsave_regs 000000
__Lirdata                                      irdata       000000
__Lmediumconst                                 mediumconst  003DEC
__LnvFARRAM                                    nvFARRAM     000000
__Lnvbit                                       nvbit        000000
__Lnvrram                                      nvrram       000000
__Lpa_nodes                                    pa_nodes     000000
__Lparam                                       rparam       000000
__Lpowerup                                     powerup      00006A
__Lram                                         ram          000000
__Lramtop                                      ramtop       000300
__Lrbit                                        rbit         000000
__Lrbss                                        rbss         000000
__Lrdata                                       rdata        000000
__Lreset_vec                                   reset_vec    000000
__Lrparam                                      rparam       000000
__Lsfr                                         sfr          000000
__Lsmallconst                                  smallconst   000000
__Lspace_0                                     (abs)        000000
__Lspace_1                                     (abs)        000000
__Lspace_2                                     (abs)        000000
__Lstack                                       stack        000000
__Lstruct                                      struct       000000
__Ltemp                                        temp         000000
__Ltext                                        text         000000
__Ltext0                                       text0        000000
__Ltext1                                       text1        000000
__Ltext10                                      text10       000000
__Ltext11                                      text11       000000
__Ltext12                                      text12       000000
__Ltext13                                      text13       000000
__Ltext14                                      text14       000000
__Ltext15                                      text15       000000
__Ltext16                                      text16       000000
__Ltext17                                      text17       000000
__Ltext18                                      text18       000000
__Ltext19                                      text19       000000
__Ltext2                                       text2        000000
__Ltext20                                      text20       000000
__Ltext21                                      text21       000000
__Ltext22                                      text22       000000
__Ltext23                                      text23       000000
__Ltext24                                      text24       000000
__Ltext25                                      text25       000000
__Ltext26                                      text26       000000
__Ltext27                                      text27       000000
__Ltext28                                      text28       000000
__Ltext29                                      text29       000000
__Ltext3                                       text3        000000
__Ltext30                                      text30       000000
__Ltext31                                      text31       000000
__Ltext32                                      text32       000000
__Ltext33                                      text33       000000
__Ltext34                                      text34       000000
__Ltext35                                      text35       000000
__Ltext36                                      text36       000000
__Ltext37                                      text37       000000
__Ltext38                                      text38       000000
__Ltext39                                      text39       000000
__Ltext4                                       text4        000000
__Ltext40                                      text40       000000
__Ltext41                                      text41       000000
__Ltext42                                      text42       000000
__Ltext43                                      text43       000000
__Ltext44                                      text44       000000
__Ltext45                                      text45       000000
__Ltext46                                      text46       000000
__Ltext47                                      text47       000000
__Ltext48                                      text48       000000
__Ltext49                                      text49       000000
__Ltext5                                       text5        000000
__Ltext50                                      text50       000000
__Ltext51                                      text51       000000
__Ltext52                                      text52       000000
__Ltext53                                      text53       000000
__Ltext54                                      text54       000000
__Ltext55                                      text55       000000
__Ltext56                                      text56       000000
__Ltext57                                      text57       000000
__Ltext58                                      text58       000000
__Ltext59                                      text59       000000
__Ltext6                                       text6        000000
__Ltext60                                      text60       000000
__Ltext61                                      text61       000000
__Ltext62                                      text62       000000
__Ltext63                                      text63       000000
__Ltext64                                      text64       000000
__Ltext65                                      text65       000000
__Ltext67                                      text67       000000
__Ltext69                                      text69       000000
__Ltext7                                       text7        000000
__Ltext70                                      text70       000000
__Ltext71                                      text71       000000
__Ltext72                                      text72       000000
__Ltext73                                      text73       000000
__Ltext8                                       text8        000000
__Ltext9                                       text9        000000
__S0                                           (abs)        F00008
__S1                                           (abs)        0000C6
__S2                                           (abs)        000000
___awdiv                                       text49       001026
___awdiv@counter                               cstackCOMRAM 00001A
___awdiv@dividend                              cstackCOMRAM 000016
___awdiv@divisor                               cstackCOMRAM 000018
___awdiv@quotient                              cstackCOMRAM 00001C
___awdiv@sign                                  cstackCOMRAM 00001B
___awmod                                       text32       0013B4
___awmod@counter                               cstackCOMRAM 00001A
___awmod@dividend                              cstackCOMRAM 000016
___awmod@divisor                               cstackCOMRAM 000018
___awmod@sign                                  cstackCOMRAM 00001B
___inthi_sp                                    stack        000000
___intlo_sp                                    stack        000000
___lbdiv                                       text55       001A5A
___lbdiv@counter                               cstackCOMRAM 000018
___lbdiv@dividend                              cstackCOMRAM 000017
___lbdiv@divisor                               cstackCOMRAM 000016
___lbdiv@quotient                              cstackCOMRAM 000019
___lbmod                                       text54       001B08
___lbmod@counter                               cstackCOMRAM 000018
___lbmod@dividend                              cstackCOMRAM 000017
___lbmod@divisor                               cstackCOMRAM 000016
___lbmod@rem                                   cstackCOMRAM 000019
___llmod                                       text7        00155E
___llmod@counter                               cstackCOMRAM 00001E
___llmod@dividend                              cstackCOMRAM 000016
___llmod@divisor                               cstackCOMRAM 00001A
___lwdiv                                       text48       0017FC
___lwdiv@counter                               cstackCOMRAM 000020
___lwdiv@dividend                              cstackCOMRAM 00001C
___lwdiv@divisor                               cstackCOMRAM 00001E
___lwdiv@quotient                              cstackCOMRAM 000021
___lwmod                                       text40       0018CE
___lwmod@counter                               cstackCOMRAM 000027
___lwmod@dividend                              cstackCOMRAM 000023
___lwmod@divisor                               cstackCOMRAM 000025
___sp                                          stack        000000
___wmul                                        text47       001AE2
___wmul@multiplicand                           cstackCOMRAM 000018
___wmul@multiplier                             cstackCOMRAM 000016
___wmul@product                                cstackCOMRAM 00001A
__accesstop                                    (abs)        000060
__activetblptr                                 (abs)        000002
__end_ofPL10                                   text49       0010B4
__end_ofPL12                                   text22       0002D2
__end_ofPL14                                   text21       000DBC
__end_ofPL16                                   text39       00065E
__end_ofPL18                                   text28       000932
__end_ofPL2                                    text53       000A12
__end_ofPL4                                    text67       000AD4
__end_ofPL6                                    text67       000AE4
__end_ofPL8                                    text22       0002BE
__end_of_AckPolling                            text50       001ABC
__end_of_BinaryTime                            text53       0009FC
__end_of_ButtonCheck                           text67       000AC6
__end_of_ClearButtons                          text35       001B9C
__end_of_ClearDisplay                          text65       001C7E
__end_of_CollumnData                           text71       00188E
__end_of_DateStringLong                        text22       0002A8
__end_of_DelayFor12TCY                         text64       001C34
__end_of_DelayI2C                              text62       001D52
__end_of_DelayMs                               text42       001716
__end_of_DelayUs                               text63       001CC2
__end_of_DisplayInit                           text52       001D00
__end_of_DisplayText                           text41       00084E
__end_of_ExternalHardware                      text43       001D36
__end_of_HandleButtons                         text28       00092A
__end_of_InitHardwareVars                      text27       0016C6
__end_of_InitI2C                               text51       001D5C
__end_of_InitPeripherals                       text26       001A5A
__end_of_InitTimersAndInterrupts               text25       001982
__end_of_InputNumber                           text37       000D1C
__end_of_InputString                           text36       001026
__end_of_InputTime                             text31       00054C
__end_of_LM75GetTemp                           text46       000E5A
__end_of_LM75Init                              text45       001BC0
__end_of_NumberToString                        text39       000654
__end_of_RTCGetDateTime                        text56       000EF8
__end_of_RTCInit                               text44       001C66
__end_of_RTCSetTime                            text29       0011C2
__end_of_ReadButtonState                       text38       00075C
__end_of_Read_Eep                              text24       001D26
__end_of_RecieveI2C                            text61       0014FC
__end_of_RowData                               text70       001948
__end_of_RtcNumberToString                     text21       000DAA
__end_of_ScrollText                            text33       000410
__end_of_ScrollTime                            text20       000BAE
__end_of_SecondsTime                           text19       001622
__end_of_ShiftOutNextRow                       text69       001C96
__end_of_StartI2C                              text60       001D14
__end_of_StopI2C                               text59       001D46
__end_of_TemperatureDisplay                    text18       0013B4
__end_of_TimeNumerical                         text17       000F92
__end_of_TransmitI2C                           text58       001676
__end_of_Write_Eep                             text16       001A26
__end_of___awdiv                               text49       0010AA
__end_of___awmod                               text32       00142C
__end_of___lbdiv                               text55       001A8E
__end_of___lbmod                               text54       001B2E
__end_of___llmod                               text7        0015C0
__end_of___lwdiv                               text48       001846
__end_of___lwmod                               text40       00190C
__end_of___wmul                                text47       001B08
__end_of__initialization                       cinit        00175A
__end_of__stringdata                           mediumconst  003FFF
__end_of_bcd_to_dec                            text57       001CAC
__end_of_binFont                               mediumconst  003EF7
__end_of_blinker                               text14       001B78
__end_of_block                                 text13       0019BA
__end_of_calculate_next_game_board             text8        001242
__end_of_clear_board_location                  text12       0017B2
__end_of_dec_to_bcd                            text30       001C00
__end_of_dow_str                               mediumconst  003F4B
__end_of_font3_1                               mediumconst  003EED
__end_of_game_loop                             text1        0012C0
__end_of_get_board_value                       text11       001498
__end_of_get_neighbors                         text10       000C76
__end_of_glider                                text6        00133C
__end_of_high_isr                              intcode_body 001B54
__end_of_init_game                             text3        001C1A
__end_of_low_isr                               intcodelo    00006A
__end_of_main                                  text0        00113C
__end_of_memset                                text5        001AE2
__end_of_month_str                             mediumconst  003F2B
__end_of_num_ones                              text9        001CEC
__end_of_random_board                          text2        00155E
__end_of_set_board_location                    text15       0017FC
__end_of_strcat                                text23       0019F2
__end_of_string_AT                             mediumconst  003F64
__end_of_string_DONE                           mediumconst  003F69
__end_of_string_IT_IS                          mediumconst  003F5F
__end_of_string_ON                             mediumconst  003F6E
__end_of_string_SETTIME                        mediumconst  003F58
__end_of_strlen                                text34       0018CE
__end_of_swap_buffers                          text4        001BE0
__end_ofi2_DelayFor12TCY                       text73       001C4E
__end_ofi2_DelayUs                             text72       001CD8
__initialization                               cinit        001716
__mediumconst                                  mediumconst  003DEC
__pbitbssCOMRAM                                bitbssCOMRAM 000240
__pbssBANK0                                    bssBANK0     000060
__pbssCOMRAM                                   bssCOMRAM    000034
__pcinit                                       cinit        001716
__pcstackBANK0                                 cstackBANK0  0000B0
__pcstackCOMRAM                                cstackCOMRAM 000001
__pdataBANK0                                   dataBANK0    0000C5
__pdataCOMRAM                                  dataCOMRAM   000049
__pidataBANK0                                  idataBANK0   001D5E
__pidataCOMRAM                                 idataCOMRAM  001D5C
__pintcode                                     intcode      000008
__pintcode_body                                intcode_body 001B2E
__pintcodelo                                   intcodelo    000018
__pmediumconst                                 mediumconst  003DEC
__ptext0                                       text0        0010B4
__ptext1                                       text1        001242
__ptext10                                      text10       000BAE
__ptext11                                      text11       00142C
__ptext12                                      text12       001764
__ptext13                                      text13       001982
__ptext14                                      text14       001B54
__ptext15                                      text15       0017B2
__ptext16                                      text16       0019F2
__ptext17                                      text17       000EF8
__ptext18                                      text18       00133C
__ptext19                                      text19       0015C0
__ptext2                                       text2        0014FC
__ptext20                                      text20       000AE4
__ptext21                                      text21       000D1C
__ptext22                                      text22       00006E
__ptext23                                      text23       0019BA
__ptext24                                      text24       001D14
__ptext25                                      text25       001948
__ptext26                                      text26       001A26
__ptext27                                      text27       001676
__ptext28                                      text28       00084E
__ptext29                                      text29       00113C
__ptext3                                       text3        001C00
__ptext30                                      text30       001BE0
__ptext31                                      text31       000410
__ptext32                                      text32       0013B4
__ptext33                                      text33       0002D2
__ptext34                                      text34       00188E
__ptext35                                      text35       001B78
__ptext36                                      text36       000F92
__ptext37                                      text37       000C76
__ptext38                                      text38       00065E
__ptext39                                      text39       00054C
__ptext4                                       text4        001BC0
__ptext40                                      text40       0018CE
__ptext41                                      text41       00075C
__ptext42                                      text42       0016C6
__ptext43                                      text43       001D26
__ptext44                                      text44       001C4E
__ptext45                                      text45       001B9C
__ptext46                                      text46       000DBC
__ptext47                                      text47       001AE2
__ptext48                                      text48       0017FC
__ptext49                                      text49       001026
__ptext5                                       text5        001ABC
__ptext50                                      text50       001A8E
__ptext51                                      text51       001D52
__ptext52                                      text52       001CEC
__ptext53                                      text53       000932
__ptext54                                      text54       001B08
__ptext55                                      text55       001A5A
__ptext56                                      text56       000E5A
__ptext57                                      text57       001C96
__ptext58                                      text58       001622
__ptext59                                      text59       001D36
__ptext6                                       text6        0012C0
__ptext60                                      text60       001D00
__ptext61                                      text61       001498
__ptext62                                      text62       001D46
__ptext63                                      text63       001CAC
__ptext64                                      text64       001C1A
__ptext65                                      text65       001C66
__ptext67                                      text67       000A12
__ptext69                                      text69       001C7E
__ptext7                                       text7        00155E
__ptext70                                      text70       00190C
__ptext71                                      text71       001846
__ptext72                                      text72       001CC2
__ptext73                                      text73       001C34
__ptext8                                       text8        0011C2
__ptext9                                       text9        001CD8
__ramtop                                       ramtop       000300
__size_of_AckPolling                           (abs)        000000
__size_of_BinaryTime                           (abs)        000000
__size_of_ButtonCheck                          (abs)        000000
__size_of_ClearButtons                         (abs)        000000
__size_of_ClearDisplay                         (abs)        000000
__size_of_CollumnData                          (abs)        000000
__size_of_DateStringLong                       (abs)        000000
__size_of_DelayFor12TCY                        (abs)        000000
__size_of_DelayI2C                             (abs)        000000
__size_of_DelayMs                              (abs)        000000
__size_of_DelayUs                              (abs)        000000
__size_of_DisplayInit                          (abs)        000000
__size_of_DisplayText                          (abs)        000000
__size_of_ExternalHardware                     (abs)        000000
__size_of_HandleButtons                        (abs)        000000
__size_of_InitHardwareVars                     (abs)        000000
__size_of_InitI2C                              (abs)        000000
__size_of_InitPeripherals                      (abs)        000000
__size_of_InitTimersAndInterrupts              (abs)        000000
__size_of_InputNumber                          (abs)        000000
__size_of_InputString                          (abs)        000000
__size_of_InputTime                            (abs)        000000
__size_of_LM75GetTemp                          (abs)        000000
__size_of_LM75Init                             (abs)        000000
__size_of_NumberToString                       (abs)        000000
__size_of_RTCGetDateTime                       (abs)        000000
__size_of_RTCInit                              (abs)        000000
__size_of_RTCSetTime                           (abs)        000000
__size_of_ReadButtonState                      (abs)        000000
__size_of_Read_Eep                             (abs)        000000
__size_of_RecieveI2C                           (abs)        000000
__size_of_RowData                              (abs)        000000
__size_of_RtcNumberToString                    (abs)        000000
__size_of_ScrollText                           (abs)        000000
__size_of_ScrollTime                           (abs)        000000
__size_of_SecondsTime                          (abs)        000000
__size_of_ShiftOutNextRow                      (abs)        000000
__size_of_StartI2C                             (abs)        000000
__size_of_StopI2C                              (abs)        000000
__size_of_TemperatureDisplay                   (abs)        000000
__size_of_TimeNumerical                        (abs)        000000
__size_of_TransmitI2C                          (abs)        000000
__size_of_Write_Eep                            (abs)        000000
__size_of___awdiv                              (abs)        000000
__size_of___awmod                              (abs)        000000
__size_of___lbdiv                              (abs)        000000
__size_of___lbmod                              (abs)        000000
__size_of___llmod                              (abs)        000000
__size_of___lwdiv                              (abs)        000000
__size_of___lwmod                              (abs)        000000
__size_of___wmul                               (abs)        000000
__size_of_bcd_to_dec                           (abs)        000000
__size_of_blinker                              (abs)        000000
__size_of_block                                (abs)        000000
__size_of_calculate_next_game_board            (abs)        000000
__size_of_clear_board_location                 (abs)        000000
__size_of_dec_to_bcd                           (abs)        000000
__size_of_game_loop                            (abs)        000000
__size_of_get_board_value                      (abs)        000000
__size_of_get_neighbors                        (abs)        000000
__size_of_glider                               (abs)        000000
__size_of_high_isr                             (abs)        000000
__size_of_init_game                            (abs)        000000
__size_of_low_isr                              (abs)        000000
__size_of_main                                 (abs)        000000
__size_of_memset                               (abs)        000000
__size_of_num_ones                             (abs)        000000
__size_of_random_board                         (abs)        000000
__size_of_set_board_location                   (abs)        000000
__size_of_strcat                               (abs)        000000
__size_of_strlen                               (abs)        000000
__size_of_swap_buffers                         (abs)        000000
__size_ofi2_DelayFor12TCY                      (abs)        000000
__size_ofi2_DelayUs                            (abs)        000000
__smallconst                                   smallconst   000000
__stringdata                                   mediumconst  003F6E
_bcd_to_dec                                    text57       001C96
_binFont                                       mediumconst  003EED
_blinker                                       text14       001B54
_block                                         text13       001982
_boundary_condition                            dataBANK0    0000C5
_buttonState                                   bssCOMRAM    00003C
_button_0                                      bssBANK0     0000A0
_button_1                                      bssCOMRAM    000042
_button_2                                      bssBANK0     0000A6
_buttons                                       bssBANK0     000060
_calculate_next_game_board                     text8        0011C2
_clear_board_location                          text12       001764
_colon_flag                                    bitbssCOMRAM 000240
_currentState                                  dataCOMRAM   000049
_cycle_count                                   bssBANK0     00006B
_dateTime                                      bssBANK0     00006D
_date_flag                                     bitbssCOMRAM 000241
_dec_to_bcd                                    text30       001BE0
_display                                       bssBANK0     000081
_dow_str                                       mediumconst  003F2B
_firstLoop                                     bssCOMRAM    000041
_font3_1                                       mediumconst  003DED
_game_board                                    bssBANK0     000091
_game_loop                                     text1        001242
_get_board_value                               text11       00142C
_get_neighbors                                 text10       000BAE
_glider                                        text6        0012C0
_high_isr                                      intcode      000008
_init_game                                     text3        001C00
_low_isr                                       intcodelo    000018
_main                                          text0        0010B4
_memset                                        text5        001ABC
_milliseconds                                  bssCOMRAM    000034
_month_str                                     mediumconst  003EF7
_num_ones                                      text9        001CD8
_pattern_index                                 bssBANK0     00006C
_previousState                                 dataCOMRAM   00004A
_random_board                                  text2        0014FC
_set_board_location                            text15       0017B2
_strcat                                        text23       0019BA
_string_AT                                     mediumconst  003F5F
_string_DONE                                   mediumconst  003F64
_string_IT_IS                                  mediumconst  003F58
_string_ON                                     mediumconst  003F69
_string_SETTIME                                mediumconst  003F4B
_strlen                                        text34       00188E
_swap_buffers                                  text4        001BC0
_tempString                                    bssBANK0     0000AC
_temp_flag                                     bitbssCOMRAM 000242
_temperature                                   bssCOMRAM    00003F
_tmrCount                                      bssCOMRAM    000038
bcd_to_dec@bcd                                 cstackCOMRAM 000017
blinker@row                                    cstackCOMRAM 000022
calculate_next_game_board@alive_count          cstackCOMRAM 000030
calculate_next_game_board@cell_is_alive        cstackCOMRAM 00002F
calculate_next_game_board@col                  cstackCOMRAM 000033
calculate_next_game_board@neighbors            cstackCOMRAM 00002E
calculate_next_game_board@num_living_neighbors cstackCOMRAM 000031
calculate_next_game_board@row                  cstackCOMRAM 000032
clear_board_location@col                       cstackCOMRAM 00001E
clear_board_location@row                       cstackCOMRAM 000022
dec_to_bcd@dec                                 cstackCOMRAM 00001B
end_of_initialization                          cinit        00175A
get_board_value@col                            cstackCOMRAM 00001E
get_board_value@row                            cstackCOMRAM 000024
get_neighbors@c                                cstackCOMRAM 00002D
get_neighbors@cc                               cstackCOMRAM 00002B
get_neighbors@col                              cstackCOMRAM 000025
get_neighbors@neighbor_value                   cstackCOMRAM 000029
get_neighbors@r                                cstackCOMRAM 00002C
get_neighbors@return_value                     cstackCOMRAM 000027
get_neighbors@row                              cstackCOMRAM 000028
get_neighbors@rr                               cstackCOMRAM 00002A
glider@col                                     cstackCOMRAM 000027
glider@row                                     cstackCOMRAM 000026
i2DelayUs@us                                   cstackCOMRAM 00000D
i2_DelayFor12TCY                               text73       001C34
i2_DelayUs                                     text72       001CC2
int_func                                       intcode_body 001B2E
intlevel0                                      text         000000
intlevel1                                      text         000000
intlevel2                                      text         000000
intlevel3                                      text         000000
memset@c                                       cstackCOMRAM 000016
memset@n                                       cstackCOMRAM 000018
memset@p                                       cstackCOMRAM 00001B
memset@p1                                      cstackCOMRAM 00001A
num_ones@c                                     cstackCOMRAM 000016
num_ones@v                                     cstackCOMRAM 000017
random_board@col                               cstackCOMRAM 000029
random_board@result                            cstackCOMRAM 000026
[...]
		wreg, status,2, status,0, cstack
 Tracked objects:
		On entry : 
		On exit  : 
		Unchanged: 
 Data sizes:     COMRAM   BANK0   BANK1   BANK2
      Params:         0       0       0       0
      Locals:         0       0       0       0
      Temps:          0       0       0       0
      Totals:         0       0       0       0
Total ram usage:        0 bytes
 Hardware stack levels used:    1
 Hardware stack levels required when called:   10
 This function calls:
		_DelayI2C
 This function is called by:
		_RTCGetDateTime
		_RTCSetTime
		_AckPolling
		_LM75Init
		_LM75GetTemp
 This function uses a non-reentrant model


 *************** function _StartI2C *****************
 Defined at:
		line 48 in file "swI2C.c"
 Parameters:    Size  Location     Type
		None
 Auto vars:     Size  Location     Type
		None
 Return value:  Size  Location     Type
		None               void
 Registers used:
		wreg, status,2, status,0, cstack
 Tracked objects:
		On entry : 
		On exit  : 
		Unchanged: 
 Data sizes:     COMRAM   BANK0   BANK1   BANK2
      Params:         0       0       0       0
      Locals:         0       0       0       0
      Temps:          0       0       0       0
      Totals:         0       0       0       0
Total ram usage:        0 bytes
 Hardware stack levels used:    1
 Hardware stack levels required when called:   10
 This function calls:
		_DelayI2C
 This function is called by:
		_RTCGetDateTime
		_RTCSetTime
		_AckPolling
		_LM75Init
		_LM75GetTemp
 This function uses a non-reentrant model


 *************** function _RecieveI2C *****************
 Defined at:
		line 71 in file "swI2C.c"
 Parameters:    Size  Location     Type
  ack             1    wreg     unsigned char 
 Auto vars:     Size  Location     Type
  ack             1   24[COMRAM] unsigned char 
  bitNo           1   26[COMRAM] unsigned char 
  byte            1   25[COMRAM] unsigned char 
 Return value:  Size  Location     Type
                  1    wreg      unsigned char 
 Registers used:
		wreg, status,2, status,0, cstack
 Tracked objects:
		On entry : 
		On exit  : 
		Unchanged: 
 Data sizes:     COMRAM   BANK0   BANK1   BANK2
      Params:         0       0       0       0
      Locals:         3       0       0       0
      Temps:          0       0       0       0
      Totals:         3       0       0       0
Total ram usage:        3 bytes
 Hardware stack levels used:    1
 Hardware stack levels required when called:   10
 This function calls:
		_DelayI2C
 This function is called by:
		_RTCGetDateTime
		_LM75GetTemp
 This function uses a non-reentrant model


 *************** function _DelayI2C *****************
 Defined at:
		line 38 in file "swI2C.c"
 Parameters:    Size  Location     Type
  delay           1    wreg     unsigned char 
 Auto vars:     Size  Location     Type
  delay           1   23[COMRAM] unsigned char 
 Return value:  Size  Location     Type
		None               void
 Registers used:
		wreg, status,2, status,0, cstack
 Tracked objects:
		On entry : 
		On exit  : 
		Unchanged: 
 Data sizes:     COMRAM   BANK0   BANK1   BANK2
      Params:         0       0       0       0
      Locals:         1       0       0       0
      Temps:          0       0       0       0
      Totals:         1       0       0       0
Total ram usage:        1 bytes
 Hardware stack levels used:    1
 Hardware stack levels required when called:    9
 This function calls:
		_DelayUs
 This function is called by:
		_StartI2C
		_StopI2C
		_RecieveI2C
		_TransmitI2C
 This function uses a non-reentrant model


 *************** function _DelayUs *****************
 Defined at:
		line 55 in file "delay.c"
 Parameters:    Size  Location     Type
  us              2   21[COMRAM] int 
 Auto vars:     Size  Location     Type
		None
 Return value:  Size  Location     Type
		None               void
 Registers used:
		wreg, status,2, status,0, cstack
 Tracked objects:
		On entry : 
		On exit  : 
		Unchanged: 
 Data sizes:     COMRAM   BANK0   BANK1   BANK2
      Params:         2       0       0       0
      Locals:         0       0       0       0
      Temps:          0       0       0       0
      Totals:         2       0       0       0
Total ram usage:        2 bytes
 Hardware stack levels used:    1
 Hardware stack levels required when called:    8
 This function calls:
		_DelayFor12TCY
 This function is called by:
		_DelayI2C
 This function uses a non-reentrant model


 *************** function _DelayFor12TCY *****************
 Defined at:
		line 38 in file "delay.c"
 Parameters:    Size  Location     Type
		None
 Auto vars:     Size  Location     Type
		None
 Return value:  Size  Location     Type
		None               void
 Registers used:
		None
 Tracked objects:
		On entry : 
		On exit  : 
		Unchanged: 
 Data sizes:     COMRAM   BANK0   BANK1   BANK2
      Params:         0       0       0       0
      Locals:         0       0       0       0
      Temps:          0       0       0       0
      Totals:         0       0       0       0
Total ram usage:        0 bytes
 Hardware stack levels used:    1
 Hardware stack levels required when called:    7
 This function calls:
		Nothing
 This function is called by:
		_DelayUs
 This function uses a non-reentrant model


 *************** function _ClearDisplay *****************
 Defined at:
		line 95 in file "display.c"
 Parameters:    Size  Location     Type
		None
 Auto vars:     Size  Location     Type
  i               1   21[COMRAM] unsigned char 
 Return value:  Size  Location     Type
		None               void
 Registers used:
		wreg, fsr2l, fsr2h, status,2, status,0
 Tracked objects:
		On entry : 
		On exit  : 
		Unchanged: 
 Data sizes:     COMRAM   BANK0   BANK1   BANK2
      Params:         0       0       0       0
      Locals:         1       0       0       0
      Temps:          0       0       0       0
      Totals:         1       0       0       0
Total ram usage:        1 bytes
 Hardware stack levels used:    1
 Hardware stack levels required when called:    7
 This function calls:
		Nothing
 This function is called by:
		_DisplayInit
		_DisplayText
		_TimeNumerical
		_ScrollTime
		_BinaryTime
 This function uses a non-reentrant model


 *************** function _low_isr *****************
 Defined at:
		line 54 in file "interrupts.c"
 Parameters:    Size  Location     Type
		None
 Auto vars:     Size  Location     Type
		None
 Return value:  Size  Location     Type
		None               void
 Registers used:
		wreg, fsr2l, fsr2h, status,2, status,0, cstack
 Tracked objects:
		On entry : 
		On exit  : 
		Unchanged: 
 Data sizes:     COMRAM   BANK0   BANK1   BANK2
      Params:         0       0       0       0
      Locals:         0       0       0       0
      Temps:          5       0       0       0
      Totals:         5       0       0       0
Total ram usage:        5 bytes
 Hardware stack levels used:    1
 Hardware stack levels required when called:    6
 This function calls:
		_ButtonCheck
 This function is called by:
		Interrupt level 1
 This function uses a non-reentrant model


 *************** function _ButtonCheck *****************
 Defined at:
		line 62 in file "globals.c"
 Parameters:    Size  Location     Type
		None
 Auto vars:     Size  Location     Type
  i               1    6[COMRAM] unsigned char 
 Return value:  Size  Location     Type
		None               void
 Registers used:
		wreg, fsr2l, fsr2h, status,2, status,0
 Tracked objects:
		On entry : 
		On exit  : 
		Unchanged: 
 Data sizes:     COMRAM   BANK0   BANK1   BANK2
      Params:         0       0       0       0
      Locals:         1       0       0       0
      Temps:          6       0       0       0
      Totals:         7       0       0       0
Total ram usage:        7 bytes
 Hardware stack levels used:    1
 Hardware stack levels required when called:    5
 This function calls:
		Nothing
 This function is called by:
		_low_isr
 This function uses a non-reentrant model


 *************** function _high_isr *****************
 Defined at:
		line 39 in file "interrupts.c"
 Parameters:    Size  Location     Type
		None
 Auto vars:     Size  Location     Type
		None
 Return value:  Size  Location     Type
		None               void
 Registers used:
		wreg, fsr2l, fsr2h, status,2, status,0, cstack
 Tracked objects:
		On entry : 
		On exit  : 
		Unchanged: 
 Data sizes:     COMRAM   BANK0   BANK1   BANK2
      Params:         0       0       0       0
      Locals:         0       0       0       0
      Temps:          2       0       0       0
      Totals:         2       0       0       0
Total ram usage:        2 bytes
 Hardware stack levels used:    1
 Hardware stack levels required when called:    4
 This function calls:
		_ShiftOutNextRow
 This function is called by:
		Interrupt level 2
 This function uses a non-reentrant model


 *************** function _ShiftOutNextRow *****************
 Defined at:
		line 58 in file "display.c"
 Parameters:    Size  Location     Type
		None
 Auto vars:     Size  Location     Type
		None
 Return value:  Size  Location     Type
		None               void
 Registers used:
		wreg, fsr2l, fsr2h, status,2, status,0, cstack
 Tracked objects:
		On entry : 
		On exit  : 
		Unchanged: 
 Data sizes:     COMRAM   BANK0   BANK1   BANK2
      Params:         0       0       0       0
      Locals:         0       0       0       0
      Temps:          0       0       0       0
      Totals:         0       0       0       0
Total ram usage:        0 bytes
 Hardware stack levels used:    1
 Hardware stack levels required when called:    3
 This function calls:
		_CollumnData
		_RowData
		i2_DelayUs
 This function is called by:
		_high_isr
 This function uses a non-reentrant model


 *************** function _RowData *****************
 Defined at:
		line 82 in file "display.c"
 Parameters:    Size  Location     Type
		None
 Auto vars:     Size  Location     Type
  y               1   18[COMRAM] unsigned char 
 Return value:  Size  Location     Type
		None               void
 Registers used:
		wreg, status,2, status,0, cstack
 Tracked objects:
		On entry : 
		On exit  : 
		Unchanged: 
 Data sizes:     COMRAM   BANK0   BANK1   BANK2
      Params:         0       0       0       0
      Locals:         1       0       0       0
      Temps:          4       0       0       0
      Totals:         5       0       0       0
Total ram usage:        5 bytes
 Hardware stack levels used:    1
 Hardware stack levels required when called:    2
 This function calls:
		i2_DelayUs
 This function is called by:
		_ShiftOutNextRow
 This function uses a non-reentrant model


 *************** function _CollumnData *****************
 Defined at:
		line 68 in file "display.c"
 Parameters:    Size  Location     Type
		None
 Auto vars:     Size  Location     Type
  x               1   17[COMRAM] unsigned char 
 Return value:  Size  Location     Type
		None               void
 Registers used:
		wreg, fsr2l, fsr2h, status,2, status,0, cstack
 Tracked objects:
		On entry : 
		On exit  : 
		Unchanged: 
 Data sizes:     COMRAM   BANK0   BANK1   BANK2
      Params:         0       0       0       0
      Locals:         1       0       0       0
      Temps:          3       0       0       0
      Totals:         4       0       0       0
Total ram usage:        4 bytes
 Hardware stack levels used:    1
 Hardware stack levels required when called:    2
 This function calls:
		i2_DelayUs
 This function is called by:
		_ShiftOutNextRow
 This function uses a non-reentrant model


 *************** function i2_DelayUs *****************
 Defined at:
		line 55 in file "delay.c"
 Parameters:    Size  Location     Type
  us              2   12[COMRAM] int 
 Auto vars:     Size  Location     Type
		None
 Return value:  Size  Location     Type
		None               void
 Registers used:
		wreg, status,2, status,0, cstack
 Tracked objects:
		On entry : 
		On exit  : 
		Unchanged: 
 Data sizes:     COMRAM   BANK0   BANK1   BANK2
      Params:         2       0       0       0
      Locals:         0       0       0       0
      Temps:          0       0       0       0
      Totals:         2       0       0       0
Total ram usage:        2 bytes
 Hardware stack levels used:    1
 Hardware stack levels required when called:    1
 This function calls:
		i2_DelayFor12TCY
 This function is called by:
		_ShiftOutNextRow
		_CollumnData
		_RowData
 This function uses a non-reentrant model


 *************** function i2_DelayFor12TCY *****************
 Defined at:
		line 38 in file "delay.c"
 Parameters:    Size  Location     Type
		None
 Auto vars:     Size  Location     Type
		None
 Return value:  Size  Location     Type
		None               void
 Registers used:
		None
 Tracked objects:
		On entry : 
		On exit  : 
		Unchanged: 
 Data sizes:     COMRAM   BANK0   BANK1   BANK2
      Params:         0       0       0       0
      Locals:         0       0       0       0
      Temps:          0       0       0       0
      Totals:         0       0       0       0
Total ram usage:        0 bytes
 Hardware stack levels used:    1
 This function calls:
		Nothing
 This function is called by:
		i2_DelayUs
 This function uses a non-reentrant model



MODULE INFORMATION

Module		Function		Class		Link	Load	Size
delay.c
		_DelayUs       		CODE           	1CAC	0000	22
		_DelayFor12TCY 		CODE           	1C1A	0000	26
		_DelayMs       		CODE           	16C6	0000	80

delay.c estimated size: 128

input.c
		_InputTime     		CODE           	0410	0000	316
		_InputNumber   		CODE           	0C76	0000	166
		_InputString   		CODE           	0F92	0000	148
		_ReadButtonStat		CODE           	065E	0000	254

input.c estimated size: 884

C:\Program Files (x86)\Microchip\xc8\v1.33\sources\common\lwmod.c
		___lwmod       		CODE           	18CE	0000	62

C:\Program Files (x86)\Microchip\xc8\v1.33\sources\common\lwmod.c estimated size: 62

interrupts.c
		_high_isr      		CODE           	0008	0000	6988
		_low_isr       		CODE           	0018	0000	82

interrupts.c estimated size: 7070

C:\Program Files (x86)\Microchip\xc8\v1.33\sources\common\awmod.c
		___awmod       		CODE           	13B4	0000	120

C:\Program Files (x86)\Microchip\xc8\v1.33\sources\common\awmod.c estimated size: 120

C:\Program Files (x86)\Microchip\xc8\v1.33\sources\common\Umul16.c
		___wmul        		CODE           	1AE2	0000	38

C:\Program Files (x86)\Microchip\xc8\v1.33\sources\common\Umul16.c estimated size: 38

C:\Program Files (x86)\Microchip\xc8\v1.33\sources\common\llmod.c
		___llmod       		CODE           	155E	0000	98

C:\Program Files (x86)\Microchip\xc8\v1.33\sources\common\llmod.c estimated size: 98

C:\Program Files (x86)\Microchip\xc8\v1.33\sources\common\strcat.c
		_strcat        		CODE           	19BA	0000	56

C:\Program Files (x86)\Microchip\xc8\v1.33\sources\common\strcat.c estimated size: 56

C:\Program Files (x86)\Microchip\xc8\v1.33\sources\common\lwdiv.c
		___lwdiv       		CODE           	17FC	0000	74

C:\Program Files (x86)\Microchip\xc8\v1.33\sources\common\lwdiv.c estimated size: 74

swI2C.c
		_DelayI2C      		CODE           	1D46	0000	12
		_InitI2C       		CODE           	1D52	0000	10
		_TransmitI2C   		CODE           	1622	0000	84
		_StopI2C       		CODE           	1D36	0000	16
		_RecieveI2C    		CODE           	1498	0000	100
		_StartI2C      		CODE           	1D00	0000	20
		_AckPolling    		CODE           	1A8E	0000	46

swI2C.c estimated size: 288

C:\Program Files (x86)\Microchip\xc8\v1.33\sources\common\awdiv.c
		___awdiv       		CODE           	1026	0000	132

C:\Program Files (x86)\Microchip\xc8\v1.33\sources\common\awdiv.c estimated size: 132

C:\Program Files (x86)\Microchip\xc8\v1.33\sources\common\lbmod.c
		___lbmod       		CODE           	1B08	0000	38

C:\Program Files (x86)\Microchip\xc8\v1.33\sources\common\lbmod.c estimated size: 38

shared
		PL12           		CODE           	02BE	0000	20
		PL8            		CODE           	02A8	0000	22
		_month_str     		MEDIUMCONST    	3EF7	0000	52
		PL14           		CODE           	0DAA	0000	18
		__stringdata   		MEDIUMCONST    	3F6E	0000	145
		PL16           		CODE           	0654	0000	10
		PL18           		CODE           	092A	0000	8
		_font3_1       		MEDIUMCONST    	3DED	0000	256
		_string_AT     		MEDIUMCONST    	3F5F	0000	5
		_string_ON     		MEDIUMCONST    	3F69	0000	5
		_string_DONE   		MEDIUMCONST    	3F64	0000	5
		_string_IT_IS  		MEDIUMCONST    	3F58	0000	7
		__initializatio		CODE           	1716	0000	68
		i2_DelayUs     		CODE           	1CC2	0000	22
		_string_SETTIME		MEDIUMCONST    	3F4B	0000	13
		_binFont       		MEDIUMCONST    	3EED	0000	10
		PL2            		CODE           	09FC	0000	22
		PL10           		CODE           	10AA	0000	10
		PL4            		CODE           	0AC6	0000	14
		i2_DelayFor12TC		CODE           	1C34	0000	26
		_dow_str       		MEDIUMCONST    	3F2B	0000	32
		PL6            		CODE           	0AD4	0000	16

shared estimated size: 786

game.c
		_num_ones      		CODE           	1CD8	0000	20
		_set_board_loca		CODE           	17B2	0000	74
		_block         		CODE           	1982	0000	56
		_calculate_next		CODE           	11C2	0000	128
		_glider        		CODE           	12C0	0000	124
		_swap_buffers  		CODE           	1BC0	0000	32
		_game_loop     		CODE           	1242	0000	126
		_get_neighbors 		CODE           	0BAE	0000	200
		_init_game     		CODE           	1C00	0000	26
		_clear_board_lo		CODE           	1764	0000	78
		_random_board  		CODE           	14FC	0000	98
		_get_board_valu		CODE           	142C	0000	108
		_blinker       		CODE           	1B54	0000	36

game.c estimated size: 1106

DS1307.c
		_RTCGetDateTime		CODE           	0E5A	0000	158
		_bcd_to_dec    		CODE           	1C96	0000	22
		_dec_to_bcd    		CODE           	1BE0	0000	32
		_DateStringLong		CODE           	006E	0000	570
		_RtcNumberToStr		CODE           	0D1C	0000	142
		_RTCInit       		CODE           	1C4E	0000	24
		_RTCSetTime    		CODE           	113C	0000	134

DS1307.c estimated size: 1082

C:\Program Files (x86)\Microchip\xc8\v1.33\sources\common\strlen.c
		_strlen        		CODE           	188E	0000	64

C:\Program Files (x86)\Microchip\xc8\v1.33\sources\common\strlen.c estimated size: 64

tmp75.c
		_LM75Init      		CODE           	1B9C	0000	36
		_LM75GetTemp   		CODE           	0DBC	0000	158

tmp75.c estimated size: 194

C:\Program Files (x86)\Microchip\xc8\v1.33\sources\common\memset.c
		_memset        		CODE           	1ABC	0000	38

C:\Program Files (x86)\Microchip\xc8\v1.33\sources\common\memset.c estimated size: 38

display.c
		_ScrollText    		CODE           	02D2	0000	318
		_ClearDisplay  		CODE           	1C66	0000	24
		_NumberToString		CODE           	054C	0000	264
		_CollumnData   		CODE           	1846	0000	72
		_RowData       		CODE           	190C	0000	60
		_ShiftOutNextRo		CODE           	1C7E	0000	24
		_DisplayInit   		CODE           	1CEC	0000	20
		_DisplayText   		CODE           	075C	0000	242

display.c estimated size: 1024

main.c
		_ScrollTime    		CODE           	0AE4	0000	202
		_HandleButtons 		CODE           	084E	0000	220
		_BinaryTime    		CODE           	0932	0000	202
		_main          		CODE           	10B4	0000	136
		_TimeNumerical 		CODE           	0EF8	0000	154
		_SecondsTime   		CODE           	15C0	0000	98
		_Read_Eep      		CODE           	1D14	0000	18
		_Write_Eep     		CODE           	19F2	0000	52
		_TemperatureDis		CODE           	133C	0000	120

main.c estimated size: 1202

system.c
		_InitHardwareVa		CODE           	1676	0000	80
		_InitTimersAndI		CODE           	1948	0000	58
		_InitPeripheral		CODE           	1A26	0000	52
		_ExternalHardwa		CODE           	1D26	0000	16

system.c estimated size: 206

globals.c
		_ButtonCheck   		CODE           	0A12	0000	180
		_ClearButtons  		CODE           	1B78	0000	36

globals.c estimated size: 216

C:\Program Files (x86)\Microchip\xc8\v1.33\sources\common\lbdiv.c
		___lbdiv       		CODE           	1A5A	0000	52

C:\Program Files (x86)\Microchip\xc8\v1.33\sources\common\lbdiv.c estimated size: 52

